Archive member included to satisfy reference by file (symbol)

C:/msys64/mingw64/bin/../lib/gcc/arm-none-eabi/13.3.0/../../../../arm-none-eabi/lib/thumb/v7-m/nofp\libc_nano.a(libc_a-atexit.o)
                              C:/msys64/mingw64/bin/../lib/gcc/arm-none-eabi/13.3.0/../../../../arm-none-eabi/lib/thumb/v7-m/nofp/crt0.o (atexit)
C:/msys64/mingw64/bin/../lib/gcc/arm-none-eabi/13.3.0/../../../../arm-none-eabi/lib/thumb/v7-m/nofp\libc_nano.a(libc_a-exit.o)
                              C:/msys64/mingw64/bin/../lib/gcc/arm-none-eabi/13.3.0/../../../../arm-none-eabi/lib/thumb/v7-m/nofp/crt0.o (exit)
C:/msys64/mingw64/bin/../lib/gcc/arm-none-eabi/13.3.0/../../../../arm-none-eabi/lib/thumb/v7-m/nofp\libc_nano.a(libc_a-findfp.o)
                              C:/msys64/mingw64/bin/../lib/gcc/arm-none-eabi/13.3.0/../../../../arm-none-eabi/lib/thumb/v7-m/nofp\libc_nano.a(libc_a-exit.o) (__stdio_exit_handler)
C:/msys64/mingw64/bin/../lib/gcc/arm-none-eabi/13.3.0/../../../../arm-none-eabi/lib/thumb/v7-m/nofp\libc_nano.a(libc_a-fwalk.o)
                              C:/msys64/mingw64/bin/../lib/gcc/arm-none-eabi/13.3.0/../../../../arm-none-eabi/lib/thumb/v7-m/nofp\libc_nano.a(libc_a-findfp.o) (_fwalk_sglue)
C:/msys64/mingw64/bin/../lib/gcc/arm-none-eabi/13.3.0/../../../../arm-none-eabi/lib/thumb/v7-m/nofp\libc_nano.a(libc_a-stdio.o)
                              C:/msys64/mingw64/bin/../lib/gcc/arm-none-eabi/13.3.0/../../../../arm-none-eabi/lib/thumb/v7-m/nofp\libc_nano.a(libc_a-findfp.o) (__sread)
C:/msys64/mingw64/bin/../lib/gcc/arm-none-eabi/13.3.0/../../../../arm-none-eabi/lib/thumb/v7-m/nofp\libc_nano.a(libc_a-memset.o)
                              C:/msys64/mingw64/bin/../lib/gcc/arm-none-eabi/13.3.0/../../../../arm-none-eabi/lib/thumb/v7-m/nofp/crt0.o (memset)
C:/msys64/mingw64/bin/../lib/gcc/arm-none-eabi/13.3.0/../../../../arm-none-eabi/lib/thumb/v7-m/nofp\libc_nano.a(libc_a-closer.o)
                              C:/msys64/mingw64/bin/../lib/gcc/arm-none-eabi/13.3.0/../../../../arm-none-eabi/lib/thumb/v7-m/nofp\libc_nano.a(libc_a-stdio.o) (_close_r)
C:/msys64/mingw64/bin/../lib/gcc/arm-none-eabi/13.3.0/../../../../arm-none-eabi/lib/thumb/v7-m/nofp\libc_nano.a(libc_a-reent.o)
                              C:/msys64/mingw64/bin/../lib/gcc/arm-none-eabi/13.3.0/../../../../arm-none-eabi/lib/thumb/v7-m/nofp\libc_nano.a(libc_a-closer.o) (errno)
C:/msys64/mingw64/bin/../lib/gcc/arm-none-eabi/13.3.0/../../../../arm-none-eabi/lib/thumb/v7-m/nofp\libc_nano.a(libc_a-impure.o)
                              C:/msys64/mingw64/bin/../lib/gcc/arm-none-eabi/13.3.0/../../../../arm-none-eabi/lib/thumb/v7-m/nofp\libc_nano.a(libc_a-reent.o) (_impure_ptr)
C:/msys64/mingw64/bin/../lib/gcc/arm-none-eabi/13.3.0/../../../../arm-none-eabi/lib/thumb/v7-m/nofp\libc_nano.a(libc_a-lseekr.o)
                              C:/msys64/mingw64/bin/../lib/gcc/arm-none-eabi/13.3.0/../../../../arm-none-eabi/lib/thumb/v7-m/nofp\libc_nano.a(libc_a-stdio.o) (_lseek_r)
C:/msys64/mingw64/bin/../lib/gcc/arm-none-eabi/13.3.0/../../../../arm-none-eabi/lib/thumb/v7-m/nofp\libc_nano.a(libc_a-readr.o)
                              C:/msys64/mingw64/bin/../lib/gcc/arm-none-eabi/13.3.0/../../../../arm-none-eabi/lib/thumb/v7-m/nofp\libc_nano.a(libc_a-stdio.o) (_read_r)
C:/msys64/mingw64/bin/../lib/gcc/arm-none-eabi/13.3.0/../../../../arm-none-eabi/lib/thumb/v7-m/nofp\libc_nano.a(libc_a-writer.o)
                              C:/msys64/mingw64/bin/../lib/gcc/arm-none-eabi/13.3.0/../../../../arm-none-eabi/lib/thumb/v7-m/nofp\libc_nano.a(libc_a-stdio.o) (_write_r)
C:/msys64/mingw64/bin/../lib/gcc/arm-none-eabi/13.3.0/../../../../arm-none-eabi/lib/thumb/v7-m/nofp\libc_nano.a(libc_a-errno.o)
                              build/sysmem.o (__errno)
C:/msys64/mingw64/bin/../lib/gcc/arm-none-eabi/13.3.0/../../../../arm-none-eabi/lib/thumb/v7-m/nofp\libc_nano.a(libc_a-init.o)
                              C:/msys64/mingw64/bin/../lib/gcc/arm-none-eabi/13.3.0/../../../../arm-none-eabi/lib/thumb/v7-m/nofp/crt0.o (__libc_init_array)
C:/msys64/mingw64/bin/../lib/gcc/arm-none-eabi/13.3.0/../../../../arm-none-eabi/lib/thumb/v7-m/nofp\libc_nano.a(libc_a-fini.o)
                              C:/msys64/mingw64/bin/../lib/gcc/arm-none-eabi/13.3.0/../../../../arm-none-eabi/lib/thumb/v7-m/nofp/crt0.o (__libc_fini_array)
C:/msys64/mingw64/bin/../lib/gcc/arm-none-eabi/13.3.0/../../../../arm-none-eabi/lib/thumb/v7-m/nofp\libc_nano.a(libc_a-lock.o)
                              C:/msys64/mingw64/bin/../lib/gcc/arm-none-eabi/13.3.0/../../../../arm-none-eabi/lib/thumb/v7-m/nofp\libc_nano.a(libc_a-findfp.o) (__retarget_lock_init_recursive)
C:/msys64/mingw64/bin/../lib/gcc/arm-none-eabi/13.3.0/../../../../arm-none-eabi/lib/thumb/v7-m/nofp\libc_nano.a(libc_a-__atexit.o)
                              C:/msys64/mingw64/bin/../lib/gcc/arm-none-eabi/13.3.0/../../../../arm-none-eabi/lib/thumb/v7-m/nofp\libc_nano.a(libc_a-atexit.o) (__register_exitproc)
[...]
Memory Configuration

Name             Origin             Length             Attributes
RAM              0x20000000         0x00005000         xrw
FLASH            0x08000000         0x00004000         xr
*default*        0x00000000         0xffffffff

Linker script and memory map

LOAD C:/msys64/mingw64/bin/../lib/gcc/arm-none-eabi/13.3.0/thumb/v7-m/nofp/crti.o
LOAD C:/msys64/mingw64/bin/../lib/gcc/arm-none-eabi/13.3.0/thumb/v7-m/nofp/crtbegin.o
LOAD C:/msys64/mingw64/bin/../lib/gcc/arm-none-eabi/13.3.0/../../../../arm-none-eabi/lib/thumb/v7-m/nofp/crt0.o
LOAD build/main.o
LOAD build/mem_jump_function.o
LOAD build/vartype_convert.o
LOAD build/checksum.o
LOAD build/util.o
LOAD build/hal_i2c.o
LOAD build/hal_gpio.o
LOAD build/stm32f1xx_it.o
LOAD build/stm32f1xx_hal_msp.o
LOAD build/stm32f1xx_hal_gpio_ex.o
LOAD build/stm32f1xx_hal_tim.o
LOAD build/stm32f1xx_hal_tim_ex.o
LOAD build/stm32f1xx_hal.o
LOAD build/stm32f1xx_hal_rcc.o
LOAD build/stm32f1xx_hal_rcc_ex.o
LOAD build/stm32f1xx_hal_gpio.o
LOAD build/stm32f1xx_hal_dma.o
LOAD build/stm32f1xx_hal_cortex.o
LOAD build/stm32f1xx_hal_pwr.o
LOAD build/stm32f1xx_hal_flash.o
LOAD build/stm32f1xx_hal_flash_ex.o
LOAD build/stm32f1xx_hal_exti.o
LOAD build/stm32f1xx_hal_i2c.o
LOAD build/stm32f1xx_hal_uart.o
LOAD build/system_stm32f1xx.o
LOAD build/sysmem.o
LOAD build/syscalls.o
LOAD build/startup_stm32f103c8tx.o
LOAD C:/msys64/mingw64/bin/../lib/gcc/arm-none-eabi/13.3.0/../../../../arm-none-eabi/lib/thumb/v7-m/nofp\libc_nano.a
LOAD C:/msys64/mingw64/bin/../lib/gcc/arm-none-eabi/13.3.0/../../../../arm-none-eabi/lib/thumb/v7-m/nofp\libm.a
LOAD C:/msys64/mingw64/bin/../lib/gcc/arm-none-eabi/13.3.0/../../../../arm-none-eabi/lib/thumb/v7-m/nofp\libnosys.a
START GROUP
LOAD C:/msys64/mingw64/bin/../lib/gcc/arm-none-eabi/13.3.0/thumb/v7-m/nofp\libgcc.a
LOAD C:/msys64/mingw64/bin/../lib/gcc/arm-none-eabi/13.3.0/../../../../arm-none-eabi/lib/thumb/v7-m/nofp\libc_nano.a
END GROUP
START GROUP
LOAD C:/msys64/mingw64/bin/../lib/gcc/arm-none-eabi/13.3.0/thumb/v7-m/nofp\libgcc.a
LOAD C:/msys64/mingw64/bin/../lib/gcc/arm-none-eabi/13.3.0/../../../../arm-none-eabi/lib/thumb/v7-m/nofp\libc_nano.a
END GROUP
LOAD C:/msys64/mingw64/bin/../lib/gcc/arm-none-eabi/13.3.0/thumb/v7-m/nofp/crtend.o
LOAD C:/msys64/mingw64/bin/../lib/gcc/arm-none-eabi/13.3.0/thumb/v7-m/nofp/crtn.o
                0x20005000                        _estack = (ORIGIN (RAM) + LENGTH (RAM))
                0x00000200                        _Min_Heap_Size = 0x200
                0x00000400                        _Min_Stack_Size = 0x400

.isr_vector     0x08000000      0x10c
                0x08000000                        . = ALIGN (0x4)
 *(.isr_vector)
 .isr_vector    0x08000000      0x10c build/startup_stm32f103c8tx.o
                0x08000000                g_pfnVectors
                0x0800010c                        . = ALIGN (0x4)

.text           0x0800010c     0x306c
                0x0800010c                        . = ALIGN (0x4)
 *(.text)
 .text          0x0800010c       0xa0 C:/msys64/mingw64/bin/../lib/gcc/arm-none-eabi/13.3.0/../../../../arm-none-eabi/lib/thumb/v7-m/nofp\libc_nano.a(libc_a-memset.o)
                0x0800010c                memset
 .text          0x080001ac       0x50 C:/msys64/mingw64/bin/../lib/gcc/arm-none-eabi/13.3.0/../../../../arm-none-eabi/lib/thumb/v7-m/nofp\libc_nano.a(libc_a-init.o)
                0x080001ac                __libc_init_array
 *(.text*)
 .text.__do_global_dtors_aux
                0x080001fc       0x24 C:/msys64/mingw64/bin/../lib/gcc/arm-none-eabi/13.3.0/thumb/v7-m/nofp/crtbegin.o
 .text.frame_dummy
                0x08000220       0x1c C:/msys64/mingw64/bin/../lib/gcc/arm-none-eabi/13.3.0/thumb/v7-m/nofp/crtbegin.o
 .text.__NVIC_SystemReset
                0x0800023c       0x24 build/main.o
 .text.I2C_fill_data
                0x08000260      0x1c4 build/main.o
 .text.MX_GPIO_Init
                0x08000424       0xfc build/main.o
 .text.erase_memory
                0x08000520       0x34 build/main.o
                0x08000520                erase_memory
 .text.process_hex_file
                0x08000554      0x14c build/main.o
                0x08000554                process_hex_file
 .text.HAL_I2C_ListenCpltCallback
                0x080006a0       0x28 build/main.o
                0x080006a0                HAL_I2C_ListenCpltCallback
 .text.HAL_I2C_AddrCallback
                0x080006c8       0x50 build/main.o
                0x080006c8                HAL_I2C_AddrCallback
 .text.HAL_I2C_ErrorCallback
                0x08000718       0x10 build/main.o
                0x08000718                HAL_I2C_ErrorCallback
 .text.Error_Handler
                0x08000728        0x4 build/main.o
                0x08000728                Error_Handler
 .text.SystemClock_Config
                0x0800072c       0x64 build/main.o
                0x0800072c                SystemClock_Config
 .text.main     0x08000790      0x340 build/main.o
                0x08000790                main
 .text.check_cs
                0x08000ad0       0x42 build/checksum.o
                0x08000ad0                check_cs
 *fill*         0x08000b12        0x2 
 .text.CalcCrc32
                0x08000b14       0x2c build/util.o
                0x08000b14                CalcCrc32
 .text.hal_i2c_open
                0x08000b40       0x6c build/hal_i2c.o
                0x08000b40                hal_i2c_open
 .text.HAL_I2C_MemTxCpltCallback
                0x08000bac        0x2 build/hal_i2c.o
                0x08000bac                HAL_I2C_MemTxCpltCallback
 .text.HAL_I2C_MemRxCpltCallback
                0x08000bae        0x2 build/hal_i2c.o
                0x08000bae                HAL_I2C_MemRxCpltCallback
 .text.HAL_I2C_MasterTxCpltCallback
                0x08000bb0        0x2 build/hal_i2c.o
                0x08000bb0                HAL_I2C_MasterTxCpltCallback
 .text.HAL_I2C_MasterRxCpltCallback
                0x08000bb2        0x2 build/hal_i2c.o
                0x08000bb2                HAL_I2C_MasterRxCpltCallback
 .text.NMI_Handler
                0x08000bb4        0x2 build/stm32f1xx_it.o
                0x08000bb4                NMI_Handler
 .text.HardFault_Handler
                0x08000bb6        0x2 build/stm32f1xx_it.o
                0x08000bb6                HardFault_Handler
 .text.MemManage_Handler
                0x08000bb8        0x2 build/stm32f1xx_it.o
                0x08000bb8                MemManage_Handler
 .text.BusFault_Handler
                0x08000bba        0x2 build/stm32f1xx_it.o
                0x08000bba                BusFault_Handler
 .text.UsageFault_Handler
                0x08000bbc        0x2 build/stm32f1xx_it.o
                0x08000bbc                UsageFault_Handler
 .text.SVC_Handler
                0x08000bbe        0x2 build/stm32f1xx_it.o
                0x08000bbe                SVC_Handler
 .text.DebugMon_Handler
                0x08000bc0        0x2 build/stm32f1xx_it.o
                0x08000bc0                DebugMon_Handler
 .text.PendSV_Handler
                0x08000bc2        0x2 build/stm32f1xx_it.o
                0x08000bc2                PendSV_Handler
 .text.SysTick_Handler
                0x08000bc4        0x8 build/stm32f1xx_it.o
                0x08000bc4                SysTick_Handler
 .text.I2C1_EV_IRQHandler
                0x08000bcc       0x10 build/stm32f1xx_it.o
                0x08000bcc                I2C1_EV_IRQHandler
 .text.I2C1_ER_IRQHandler
                0x08000bdc       0x10 build/stm32f1xx_it.o
                0x08000bdc                I2C1_ER_IRQHandler
 .text.USART1_IRQHandler
                0x08000bec       0x10 build/stm32f1xx_it.o
                0x08000bec                USART1_IRQHandler
 .text.HAL_MspInit
                0x08000bfc       0x44 build/stm32f1xx_hal_msp.o
                0x08000bfc                HAL_MspInit
 .text.HAL_I2C_MspInit
                0x08000c40       0x84 build/stm32f1xx_hal_msp.o
                0x08000c40                HAL_I2C_MspInit
 .text.HAL_InitTick
                0x08000cc4       0x4c build/stm32f1xx_hal.o
                0x08000cc4                HAL_InitTick
 .text.HAL_Init
                0x08000d10       0x24 build/stm32f1xx_hal.o
                0x08000d10                HAL_Init
 .text.HAL_IncTick
                0x08000d34       0x18 build/stm32f1xx_hal.o
                0x08000d34                HAL_IncTick
 .text.HAL_GetTick
                0x08000d4c        0xc build/stm32f1xx_hal.o
                0x08000d4c                HAL_GetTick
 .text.RCC_Delay
                0x08000d58       0x2c build/stm32f1xx_hal_rcc.o
 .text.HAL_RCC_OscConfig
                0x08000d84      0x410 build/stm32f1xx_hal_rcc.o
                0x08000d84                HAL_RCC_OscConfig
 .text.HAL_RCC_GetSysClockFreq
                0x08001194       0x54 build/stm32f1xx_hal_rcc.o
                0x08001194                HAL_RCC_GetSysClockFreq
 .text.HAL_RCC_ClockConfig
                0x080011e8      0x16c build/stm32f1xx_hal_rcc.o
                0x080011e8                HAL_RCC_ClockConfig
 .text.HAL_RCC_GetHCLKFreq
                0x08001354        0xc build/stm32f1xx_hal_rcc.o
                0x08001354                HAL_RCC_GetHCLKFreq
 .text.HAL_RCC_GetPCLK1Freq
                0x08001360       0x20 build/stm32f1xx_hal_rcc.o
                0x08001360                HAL_RCC_GetPCLK1Freq
 .text.HAL_GPIO_Init
                0x08001380      0x21c build/stm32f1xx_hal_gpio.o
                0x08001380                HAL_GPIO_Init
 .text.HAL_GPIO_WritePin
                0x0800159c        0xc build/stm32f1xx_hal_gpio.o
                0x0800159c                HAL_GPIO_WritePin
 .text.HAL_DMA_Abort
                0x080015a8       0x46 build/stm32f1xx_hal_dma.o
                0x080015a8                HAL_DMA_Abort
 *fill*         0x080015ee        0x2 
 .text.HAL_DMA_Abort_IT
                0x080015f0       0x98 build/stm32f1xx_hal_dma.o
                0x080015f0                HAL_DMA_Abort_IT
 .text.HAL_DMA_GetState
                0x08001688        0x6 build/stm32f1xx_hal_dma.o
                0x08001688                HAL_DMA_GetState
 *fill*         0x0800168e        0x2 
 .text.__NVIC_SetPriority
                0x08001690       0x28 build/stm32f1xx_hal_cortex.o
 .text.NVIC_EncodePriority
                0x080016b8       0x3e build/stm32f1xx_hal_cortex.o
 *fill*         0x080016f6        0x2 
 .text.HAL_NVIC_SetPriorityGrouping
                0x080016f8       0x24 build/stm32f1xx_hal_cortex.o
                0x080016f8                HAL_NVIC_SetPriorityGrouping
 .text.HAL_NVIC_SetPriority
                0x0800171c       0x20 build/stm32f1xx_hal_cortex.o
                0x0800171c                HAL_NVIC_SetPriority
 .text.HAL_NVIC_EnableIRQ
                0x0800173c       0x1c build/stm32f1xx_hal_cortex.o
                0x0800173c                HAL_NVIC_EnableIRQ
 .text.HAL_SYSTICK_Config
                0x08001758       0x28 build/stm32f1xx_hal_cortex.o
                0x08001758                HAL_SYSTICK_Config
 .text.FLASH_Program_HalfWord
                0x08001780       0x1c build/stm32f1xx_hal_flash.o
 .text.FLASH_SetErrorCode
                0x0800179c       0x70 build/stm32f1xx_hal_flash.o
 .text.HAL_FLASH_Unlock
                0x0800180c       0x34 build/stm32f1xx_hal_flash.o
                0x0800180c                HAL_FLASH_Unlock
 .text.HAL_FLASH_Lock
                0x08001840       0x14 build/stm32f1xx_hal_flash.o
                0x08001840                HAL_FLASH_Lock
 .text.FLASH_WaitForLastOperation
                0x08001854       0x68 build/stm32f1xx_hal_flash.o
                0x08001854                FLASH_WaitForLastOperation
 .text.HAL_FLASH_Program
                0x080018bc       0xa0 build/stm32f1xx_hal_flash.o
                0x080018bc                HAL_FLASH_Program
 .text.FLASH_PageErase
                0x0800195c       0x24 build/stm32f1xx_hal_flash_ex.o
                0x0800195c                FLASH_PageErase
 .text.I2C_Flush_DR
                0x08001980       0x10 build/stm32f1xx_hal_i2c.o
 .text.I2C_Master_SB
                0x08001990       0xa8 build/stm32f1xx_hal_i2c.o
 .text.I2C_Master_ADD10
                0x08001a38       0x2a build/stm32f1xx_hal_i2c.o
 *fill*         0x08001a62        0x2 
 .text.I2C_Master_ADDR
                0x08001a64      0x244 build/stm32f1xx_hal_i2c.o
 .text.I2C_SlaveTransmit_BTF
                0x08001ca8       0x20 build/stm32f1xx_hal_i2c.o
 .text.I2C_SlaveReceive_BTF
                0x08001cc8       0x20 build/stm32f1xx_hal_i2c.o
 .text.I2C_WaitOnSTOPRequestThroughIT
                0x08001ce8       0x48 build/stm32f1xx_hal_i2c.o
 .text.I2C_ConvertOtherXferOptions
                0x08001d30       0x1e build/stm32f1xx_hal_i2c.o
 *fill*         0x08001d4e        0x2 
 .text.HAL_I2C_Init
                0x08001d50      0x1bc build/stm32f1xx_hal_i2c.o
                0x08001d50                HAL_I2C_Init
 .text.HAL_I2C_Slave_Seq_Transmit_IT
                0x08001f0c       0x90 build/stm32f1xx_hal_i2c.o
                0x08001f0c                HAL_I2C_Slave_Seq_Transmit_IT
 .text.HAL_I2C_Slave_Seq_Receive_IT
                0x08001f9c       0x90 build/stm32f1xx_hal_i2c.o
                0x08001f9c                HAL_I2C_Slave_Seq_Receive_IT
 .text.HAL_I2C_EnableListen_IT
                0x0800202c       0x3e build/stm32f1xx_hal_i2c.o
                0x0800202c                HAL_I2C_EnableListen_IT
 .text.HAL_I2C_SlaveTxCpltCallback
                0x0800206a        0x2 build/stm32f1xx_hal_i2c.o
                0x0800206a                HAL_I2C_SlaveTxCpltCallback
 .text.I2C_SlaveTransmit_TXE
                0x0800206c       0x4c build/stm32f1xx_hal_i2c.o
 .text.HAL_I2C_SlaveRxCpltCallback
                0x080020b8        0x2 build/stm32f1xx_hal_i2c.o
                0x080020b8                HAL_I2C_SlaveRxCpltCallback
 .text.I2C_SlaveReceive_RXNE
                0x080020ba       0x4c build/stm32f1xx_hal_i2c.o
 .text.I2C_Slave_ADDR
                0x08002106       0x5a build/stm32f1xx_hal_i2c.o
 .text.I2C_Slave_AF
                0x08002160       0xa0 build/stm32f1xx_hal_i2c.o
 .text.I2C_MasterTransmit_BTF
                0x08002200       0x9e build/stm32f1xx_hal_i2c.o
 .text.I2C_MemoryTransmit_TXE_BTF
                0x0800229e       0xc4 build/stm32f1xx_hal_i2c.o
 .text.I2C_MasterTransmit_TXE
                0x08002362       0xd4 build/stm32f1xx_hal_i2c.o
 .text.I2C_MasterReceive_BTF
                0x08002436      0x132 build/stm32f1xx_hal_i2c.o
 .text.I2C_MasterReceive_RXNE
                0x08002568       0xf6 build/stm32f1xx_hal_i2c.o
 .text.HAL_I2C_AbortCpltCallback
                0x0800265e        0x2 build/stm32f1xx_hal_i2c.o
                0x0800265e                HAL_I2C_AbortCpltCallback
 .text.I2C_DMAAbort
                0x08002660       0xe4 build/stm32f1xx_hal_i2c.o
 .text.I2C_ITError
                0x08002744      0x178 build/stm32f1xx_hal_i2c.o
 .text.I2C_Slave_STOPF
                0x080028bc      0x18c build/stm32f1xx_hal_i2c.o
 .text.HAL_I2C_EV_IRQHandler
                0x08002a48      0x1a0 build/stm32f1xx_hal_i2c.o
                0x08002a48                HAL_I2C_EV_IRQHandler
 .text.HAL_I2C_ER_IRQHandler
                0x08002be8       0xce build/stm32f1xx_hal_i2c.o
                0x08002be8                HAL_I2C_ER_IRQHandler
 .text.UART_EndRxTransfer
                0x08002cb6       0x5c build/stm32f1xx_hal_uart.o
 .text.UART_Transmit_IT
                0x08002d12       0x60 build/stm32f1xx_hal_uart.o
 .text.HAL_UART_TxCpltCallback
                0x08002d72        0x2 build/stm32f1xx_hal_uart.o
                0x08002d72                HAL_UART_TxCpltCallback
 .text.UART_EndTransmit_IT
                0x08002d74       0x1a build/stm32f1xx_hal_uart.o
 .text.HAL_UART_RxCpltCallback
                0x08002d8e        0x2 build/stm32f1xx_hal_uart.o
                0x08002d8e                HAL_UART_RxCpltCallback
 .text.HAL_UART_ErrorCallback
                0x08002d90        0x2 build/stm32f1xx_hal_uart.o
                0x08002d90                HAL_UART_ErrorCallback
 .text.UART_DMAAbortOnError
                0x08002d92       0x10 build/stm32f1xx_hal_uart.o
 .text.HAL_UARTEx_RxEventCallback
                0x08002da2        0x2 build/stm32f1xx_hal_uart.o
                0x08002da2                HAL_UARTEx_RxEventCallback
 .text.UART_Receive_IT
                0x08002da4       0xe6 build/stm32f1xx_hal_uart.o
 *fill*         0x08002e8a        0x2 
 .text.HAL_UART_IRQHandler
                0x08002e8c      0x284 build/stm32f1xx_hal_uart.o
                0x08002e8c                HAL_UART_IRQHandler
 .text.SystemInit
                0x08003110        0x2 build/system_stm32f1xx.o
                0x08003110                SystemInit
 *fill*         0x08003112        0x2 
 .text.Reset_Handler
                0x08003114       0x48 build/startup_stm32f103c8tx.o
                0x08003114                Reset_Handler
 .text.Default_Handler
                0x0800315c        0x2 build/startup_stm32f103c8tx.o
                0x0800315c                RTC_Alarm_IRQHandler
                0x0800315c                EXTI2_IRQHandler
                0x0800315c                TIM1_CC_IRQHandler
                0x0800315c                PVD_IRQHandler
                0x0800315c                EXTI3_IRQHandler
                0x0800315c                EXTI0_IRQHandler
                0x0800315c                I2C2_EV_IRQHandler
                0x0800315c                ADC1_2_IRQHandler
                0x0800315c                SPI1_IRQHandler
                0x0800315c                TAMPER_IRQHandler
                0x0800315c                DMA1_Channel4_IRQHandler
                0x0800315c                USART3_IRQHandler
                0x0800315c                RTC_IRQHandler
                0x0800315c                DMA1_Channel7_IRQHandler
                0x0800315c                CAN1_RX1_IRQHandler
                0x0800315c                TIM4_IRQHandler
                0x0800315c                DMA1_Channel6_IRQHandler
                0x0800315c                TIM3_IRQHandler
                0x0800315c                RCC_IRQHandler
                0x0800315c                TIM1_TRG_COM_IRQHandler
                0x0800315c                DMA1_Channel1_IRQHandler
                0x0800315c                Default_Handler
                0x0800315c                EXTI15_10_IRQHandler
                0x0800315c                EXTI9_5_IRQHandler
                0x0800315c                SPI2_IRQHandler
                0x0800315c                DMA1_Channel5_IRQHandler
                0x0800315c                EXTI4_IRQHandler
                0x0800315c                USB_LP_CAN1_RX0_IRQHandler
                0x0800315c                USB_HP_CAN1_TX_IRQHandler
                0x0800315c                DMA1_Channel3_IRQHandler
                0x0800315c                TIM1_UP_IRQHandler
                0x0800315c                WWDG_IRQHandler
                0x0800315c                TIM2_IRQHandler
                0x0800315c                TIM1_BRK_IRQHandler
                0x0800315c                EXTI1_IRQHandler
                0x0800315c                USART2_IRQHandler
                0x0800315c                I2C2_ER_IRQHandler
                0x0800315c                DMA1_Channel2_IRQHandler
                0x0800315c                CAN1_SCE_IRQHandler
                0x0800315c                FLASH_IRQHandler
                0x0800315c                USBWakeUp_IRQHandler
 *(.glue_7)
 .glue_7        0x0800315e        0x0 linker stubs
 *(.glue_7t)
 .glue_7t       0x0800315e        0x0 linker stubs
 *(.eh_frame)
 *fill*         0x0800315e        0x2 
 .eh_frame      0x08003160        0x0 C:/msys64/mingw64/bin/../lib/gcc/arm-none-eabi/13.3.0/thumb/v7-m/nofp/crtbegin.o
 *(.init)
 .init          0x08003160        0x4 C:/msys64/mingw64/bin/../lib/gcc/arm-none-eabi/13.3.0/thumb/v7-m/nofp/crti.o
                0x08003160                _init
 .init          0x08003164        0x8 C:/msys64/mingw64/bin/../lib/gcc/arm-none-eabi/13.3.0/thumb/v7-m/nofp/crtn.o
 *(.fini)
 .fini          0x0800316c        0x4 C:/msys64/mingw64/bin/../lib/gcc/arm-none-eabi/13.3.0/thumb/v7-m/nofp/crti.o
                0x0800316c                _fini
 .fini          0x08003170        0x8 C:/msys64/mingw64/bin/../lib/gcc/arm-none-eabi/13.3.0/thumb/v7-m/nofp/crtn.o
                0x08003178                        . = ALIGN (0x4)
                0x08003178                        _etext = .

.vfp11_veneer   0x08003178        0x0
 .vfp11_veneer  0x08003178        0x0 linker stubs

.v4_bx          0x08003178        0x0
 .v4_bx         0x08003178        0x0 linker stubs

.iplt           0x08003178        0x0
 .iplt          0x08003178        0x0 C:/msys64/mingw64/bin/../lib/gcc/arm-none-eabi/13.3.0/thumb/v7-m/nofp/crtbegin.o

.rodata         0x08003178      0x434
                0x08003178                        . = ALIGN (0x4)
 *(.rodata)
 *(.rodata*)
 .rodata.crc32Table
                0x08003178      0x400 build/util.o
 .rodata.i2c_timing
                0x08003578        0x8 build/hal_i2c.o
                0x08003578                i2c_timing
 .rodata.aPredivFactorTable.0
                0x08003580        0x2 build/stm32f1xx_hal_rcc.o
 *fill*         0x08003582        0x2 
 .rodata.aPLLMULFactorTable.1
                0x08003584       0x10 build/stm32f1xx_hal_rcc.o
 .rodata.APBPrescTable
                0x08003594        0x8 build/system_stm32f1xx.o
                0x08003594                APBPrescTable
 .rodata.AHBPrescTable
                0x0800359c       0x10 build/system_stm32f1xx.o
                0x0800359c                AHBPrescTable
                0x080035ac                        . = ALIGN (0x4)

.ARM.extab      0x080035ac        0x0
                0x080035ac                        . = ALIGN (0x4)
 *(.ARM.extab* .gnu.linkonce.armextab.*)
                0x080035ac                        . = ALIGN (0x4)

.ARM            0x080035ac        0x0
                0x080035ac                        . = ALIGN (0x4)
                0x080035ac                        __exidx_start = .
 *(.ARM.exidx*)
                0x080035ac                        __exidx_end = .
                0x080035ac                        . = ALIGN (0x4)

.preinit_array  0x080035ac        0x0
                0x080035ac                        . = ALIGN (0x4)
                0x080035ac                        PROVIDE (__preinit_array_start = .)
 *(.preinit_array*)
                0x080035ac                        PROVIDE (__preinit_array_end = .)
                0x080035ac                        . = ALIGN (0x4)

.init_array     0x080035ac        0x4
                0x080035ac                        . = ALIGN (0x4)
                0x080035ac                        PROVIDE (__init_array_start = .)
 *(SORT_BY_NAME(.init_array.*))
 *(.init_array*)
 .init_array    0x080035ac        0x4 C:/msys64/mingw64/bin/../lib/gcc/arm-none-eabi/13.3.0/thumb/v7-m/nofp/crtbegin.o
                0x080035b0                        PROVIDE (__init_array_end = .)
                0x080035b0                        . = ALIGN (0x4)

.fini_array     0x080035b0        0x4
                0x080035b0                        . = ALIGN (0x4)
                0x080035b0                        PROVIDE (__fini_array_start = .)
 *(SORT_BY_NAME(.fini_array.*))
 *(.fini_array*)
 .fini_array    0x080035b0        0x4 C:/msys64/mingw64/bin/../lib/gcc/arm-none-eabi/13.3.0/thumb/v7-m/nofp/crtbegin.o
                0x080035b4                        PROVIDE (__fini_array_end = .)
                0x080035b4                        . = ALIGN (0x4)
                0x080035b4                        _sidata = LOADADDR (.data)

.rel.dyn        0x080035b4        0x0
 .rel.iplt      0x080035b4        0x0 C:/msys64/mingw64/bin/../lib/gcc/arm-none-eabi/13.3.0/thumb/v7-m/nofp/crtbegin.o

.data           0x20000000       0x18 load address 0x080035b4
                0x20000000                        . = ALIGN (0x4)
                0x20000000                        _sdata = .
 *(.data)
 *(.data*)
 .data.state    0x20000000        0x1 build/main.o
                0x20000000                state
 *fill*         0x20000001        0x3 
 .data.i2c_module
                0x20000004        0x8 build/hal_i2c.o
                0x20000004                i2c_module
 .data.uwTickFreq
                0x2000000c        0x1 build/stm32f1xx_hal.o
                0x2000000c                uwTickFreq
 *fill*         0x2000000d        0x3 
 .data.uwTickPrio
                0x20000010        0x4 build/stm32f1xx_hal.o
                0x20000010                uwTickPrio
 .data.SystemCoreClock
                0x20000014        0x4 build/system_stm32f1xx.o
                0x20000014                SystemCoreClock
 *(.RamFunc)
 *(.RamFunc*)
                0x20000018                        . = ALIGN (0x4)
                0x20000018                        _edata = .

.igot.plt       0x20000018        0x0 load address 0x080035cc
 .igot.plt      0x20000018        0x0 C:/msys64/mingw64/bin/../lib/gcc/arm-none-eabi/13.3.0/thumb/v7-m/nofp/crtbegin.o
                0x20000018                        . = ALIGN (0x4)

.bss            0x20000018      0x2a8 load address 0x080035cc
                0x20000018                        _sbss = .
                0x20000018                        __bss_start__ = _sbss
 *(.bss)
 *(.bss*)
 .bss.completed.1
                0x20000018        0x1 C:/msys64/mingw64/bin/../lib/gcc/arm-none-eabi/13.3.0/thumb/v7-m/nofp/crtbegin.o
 *fill*         0x20000019        0x3 
 .bss.object.0  0x2000001c       0x18 C:/msys64/mingw64/bin/../lib/gcc/arm-none-eabi/13.3.0/thumb/v7-m/nofp/crtbegin.o
 .bss.cnt       0x20000034        0x4 build/main.o
                0x20000034                cnt
 .bss.i2c0      0x20000038        0x1 build/main.o
                0x20000038                i2c0
 *fill*         0x20000039        0x3 
 .bss.cfg       0x2000003c        0x2 build/main.o
                0x2000003c                cfg
 *fill*         0x2000003e        0x2 
 .bss.i2chandle
                0x20000040        0x4 build/main.o
                0x20000040                i2chandle
 .bss.counter   0x20000044        0x1 build/main.o
                0x20000044                counter
 *fill*         0x20000045        0x3 
 .bss.huart1    0x20000048       0x48 build/main.o
                0x20000048                huart1
 .bss.uploading_timer
                0x20000090        0x4 build/main.o
                0x20000090                uploading_timer
 .bss.start_timeout
                0x20000094        0x1 build/main.o
                0x20000094                start_timeout
 .bss.is_rewrite_sector
                0x20000095        0x1 build/main.o
                0x20000095                is_rewrite_sector
 *fill*         0x20000096        0x2 
 .bss.sector_start_adr
                0x20000098        0x4 build/main.o
                0x20000098                sector_start_adr
 .bss.main_address
                0x2000009c        0x4 build/main.o
                0x2000009c                main_address
 .bss.line_len  0x200000a0        0x1 build/main.o
                0x200000a0                line_len
 .bss.line_ptr  0x200000a1        0x1 build/main.o
                0x200000a1                line_ptr
 *fill*         0x200000a2        0x2 
 .bss.data      0x200000a4      0x100 build/main.o
                0x200000a4                data
 .bss.gTxData   0x200001a4        0x4 build/main.o
                0x200001a4                gTxData
 .bss.gRxData   0x200001a8       0x40 build/main.o
                0x200001a8                gRxData
 .bss.irq_cmd   0x200001e8        0x1 build/main.o
                0x200001e8                irq_cmd
 .bss.cmd       0x200001e9        0x1 build/main.o
                0x200001e9                cmd
 *fill*         0x200001ea        0x2 
 .bss.slave_addr
                0x200001ec        0x2 build/hal_i2c.o
 *fill*         0x200001ee        0x2 
 .bss.handle_i2c
                0x200001f0       0xa8 build/hal_i2c.o
                0x200001f0                handle_i2c
 .bss.uwTick    0x20000298        0x4 build/stm32f1xx_hal.o
                0x20000298                uwTick
 *fill*         0x2000029c        0x4 
 .bss.pFlash    0x200002a0       0x20 build/stm32f1xx_hal_flash.o
                0x200002a0                pFlash
 *(COMMON)
                0x200002c0                        . = ALIGN (0x4)
                0x200002c0                        _ebss = .
                0x200002c0                        __bss_end__ = _ebss

._user_heap_stack
                0x200002c0      0x600 load address 0x080035cc
                0x200002c0                        . = ALIGN (0x8)
                [!provide]                        PROVIDE (end = .)
                0x200002c0                        PROVIDE (_end = .)
                0x200004c0                        . = (. + _Min_Heap_Size)
 *fill*         0x200002c0      0x200 
                0x200008c0                        . = (. + _Min_Stack_Size)
 *fill*         0x200004c0      0x400 
                0x200008c0                        . = ALIGN (0x8)

/DISCARD/
 libc.a(*)
 libm.a(*)
 libgcc.a(*)

.ARM.attributes
                0x00000000       0x29
 *(.ARM.attributes)
 .ARM.attributes
                0x00000000       0x1d C:/msys64/mingw64/bin/../lib/gcc/arm-none-eabi/13.3.0/thumb/v7-m/nofp/crti.o
 .ARM.attributes
                0x0000001d       0x2d C:/msys64/mingw64/bin/../lib/gcc/arm-none-eabi/13.3.0/thumb/v7-m/nofp/crtbegin.o
 .ARM.attributes
                0x0000004a       0x2d build/main.o
 .ARM.attributes
                0x00000077       0x2d build/checksum.o
 .ARM.attributes
                0x000000a4       0x2d build/util.o
 .ARM.attributes
                0x000000d1       0x2d build/hal_i2c.o
 .ARM.attributes
                0x000000fe       0x2d build/stm32f1xx_it.o
 .ARM.attributes
                0x0000012b       0x2d build/stm32f1xx_hal_msp.o
 .ARM.attributes
                0x00000158       0x2d build/stm32f1xx_hal.o
 .ARM.attributes
                0x00000185       0x2d build/stm32f1xx_hal_rcc.o
 .ARM.attributes
                0x000001b2       0x2d build/stm32f1xx_hal_gpio.o
 .ARM.attributes
                0x000001df       0x2d build/stm32f1xx_hal_dma.o
 .ARM.attributes
                0x0000020c       0x2d build/stm32f1xx_hal_cortex.o
 .ARM.attributes
                0x00000239       0x2d build/stm32f1xx_hal_flash.o
 .ARM.attributes
                0x00000266       0x2d build/stm32f1xx_hal_flash_ex.o
 .ARM.attributes
                0x00000293       0x2d build/stm32f1xx_hal_i2c.o
 .ARM.attributes
                0x000002c0       0x2d build/stm32f1xx_hal_uart.o
 .ARM.attributes
                0x000002ed       0x2d build/system_stm32f1xx.o
 .ARM.attributes
                0x0000031a       0x21 build/startup_stm32f103c8tx.o
 .ARM.attributes
                0x0000033b       0x2d C:/msys64/mingw64/bin/../lib/gcc/arm-none-eabi/13.3.0/../../../../arm-none-eabi/lib/thumb/v7-m/nofp\libc_nano.a(libc_a-memset.o)
 .ARM.attributes
                0x00000368       0x2d C:/msys64/mingw64/bin/../lib/gcc/arm-none-eabi/13.3.0/../../../../arm-none-eabi/lib/thumb/v7-m/nofp\libc_nano.a(libc_a-init.o)
 .ARM.attributes
                0x00000395       0x1d C:/msys64/mingw64/bin/../lib/gcc/arm-none-eabi/13.3.0/thumb/v7-m/nofp/crtn.o
OUTPUT(build/Bootloader.elf elf32-littlearm)
LOAD linker stubs
LOAD C:/msys64/mingw64/bin/../lib/gcc/arm-none-eabi/13.3.0/../../../../arm-none-eabi/lib/thumb/v7-m/nofp\libc.a
LOAD C:/msys64/mingw64/bin/../lib/gcc/arm-none-eabi/13.3.0/../../../../arm-none-eabi/lib/thumb/v7-m/nofp\libm.a
LOAD C:/msys64/mingw64/bin/../lib/gcc/arm-none-eabi/13.3.0/thumb/v7-m/nofp\libgcc.a

.debug_info     0x00000000    0x11b9f
 .debug_info    0x00000000     0x1e95 build/main.o
 .debug_info    0x00001e95      0x137 build/checksum.o
 .debug_info    0x00001fcc      0x154 build/util.o
 .debug_info    0x00002120     0x15ec build/hal_i2c.o
 .debug_info    0x0000370c      0xa7f build/stm32f1xx_it.o
 .debug_info    0x0000418b      0xfd6 build/stm32f1xx_hal_msp.o
 .debug_info    0x00005161      0x884 build/stm32f1xx_hal.o
 .debug_info    0x000059e5      0xb14 build/stm32f1xx_hal_rcc.o
 .debug_info    0x000064f9      0x6db build/stm32f1xx_hal_gpio.o
 .debug_info    0x00006bd4      0x8d9 build/stm32f1xx_hal_dma.o
 .debug_info    0x000074ad      0xe43 build/stm32f1xx_hal_cortex.o
 .debug_info    0x000082f0      0x701 build/stm32f1xx_hal_flash.o
 .debug_info    0x000089f1      0xb98 build/stm32f1xx_hal_flash_ex.o
 .debug_info    0x00009589     0x3d24 build/stm32f1xx_hal_i2c.o
 .debug_info    0x0000d2ad     0x4410 build/stm32f1xx_hal_uart.o
 .debug_info    0x000116bd      0x272 build/system_stm32f1xx.o
 .debug_info    0x0001192f       0x30 build/startup_stm32f103c8tx.o
 .debug_info    0x0001195f      0x135 C:/msys64/mingw64/bin/../lib/gcc/arm-none-eabi/13.3.0/../../../../arm-none-eabi/lib/thumb/v7-m/nofp\libc_nano.a(libc_a-memset.o)
 .debug_info    0x00011a94      0x10b C:/msys64/mingw64/bin/../lib/gcc/arm-none-eabi/13.3.0/../../../../arm-none-eabi/lib/thumb/v7-m/nofp\libc_nano.a(libc_a-init.o)

.debug_abbrev   0x00000000     0x2948
 .debug_abbrev  0x00000000      0x47d build/main.o
 .debug_abbrev  0x0000047d       0xca build/checksum.o
 .debug_abbrev  0x00000547       0xcb build/util.o
 .debug_abbrev  0x00000612      0x3f5 build/hal_i2c.o
 .debug_abbrev  0x00000a07      0x182 build/stm32f1xx_it.o
 .debug_abbrev  0x00000b89      0x1f6 build/stm32f1xx_hal_msp.o
 .debug_abbrev  0x00000d7f      0x235 build/stm32f1xx_hal.o
 .debug_abbrev  0x00000fb4      0x2d9 build/stm32f1xx_hal_rcc.o
 .debug_abbrev  0x0000128d      0x225 build/stm32f1xx_hal_gpio.o
 .debug_abbrev  0x000014b2      0x264 build/stm32f1xx_hal_dma.o
 .debug_abbrev  0x00001716      0x3ad build/stm32f1xx_hal_cortex.o
 .debug_abbrev  0x00001ac3      0x288 build/stm32f1xx_hal_flash.o
 .debug_abbrev  0x00001d4b      0x29a build/stm32f1xx_hal_flash_ex.o
 .debug_abbrev  0x00001fe5      0x321 build/stm32f1xx_hal_i2c.o
 .debug_abbrev  0x00002306      0x362 build/stm32f1xx_hal_uart.o
 .debug_abbrev  0x00002668      0x143 build/system_stm32f1xx.o
 .debug_abbrev  0x000027ab       0x1d build/startup_stm32f103c8tx.o
 .debug_abbrev  0x000027c8       0xb7 C:/msys64/mingw64/bin/../lib/gcc/arm-none-eabi/13.3.0/../../../../arm-none-eabi/lib/thumb/v7-m/nofp\libc_nano.a(libc_a-memset.o)
 .debug_abbrev  0x0000287f       0xc9 C:/msys64/mingw64/bin/../lib/gcc/arm-none-eabi/13.3.0/../../../../arm-none-eabi/lib/thumb/v7-m/nofp\libc_nano.a(libc_a-init.o)

.debug_loc      0x00000000     0xef86
 .debug_loc     0x00000000      0xc9e build/main.o
 .debug_loc     0x00000c9e      0x15f build/checksum.o
 .debug_loc     0x00000dfd      0x109 build/util.o
 .debug_loc     0x00000f06      0x68a build/hal_i2c.o
 .debug_loc     0x00001590       0x80 build/stm32f1xx_it.o
 .debug_loc     0x00001610      0x21e build/stm32f1xx_hal_msp.o
 .debug_loc     0x0000182e      0x1f9 build/stm32f1xx_hal.o
 .debug_loc     0x00001a27      0x7c6 build/stm32f1xx_hal_rcc.o
 .debug_loc     0x000021ed      0x56c build/stm32f1xx_hal_gpio.o
 .debug_loc     0x00002759      0x990 build/stm32f1xx_hal_dma.o
 .debug_loc     0x000030e9      0x8b4 build/stm32f1xx_hal_cortex.o
 .debug_loc     0x0000399d      0x47b build/stm32f1xx_hal_flash.o
 .debug_loc     0x00003e18      0x9ec build/stm32f1xx_hal_flash_ex.o
 .debug_loc     0x00004804     0x54d5 build/stm32f1xx_hal_i2c.o
 .debug_loc     0x00009cd9     0x5192 build/stm32f1xx_hal_uart.o
 .debug_loc     0x0000ee6b      0x11b build/system_stm32f1xx.o

.debug_aranges  0x00000000      0xb60
 .debug_aranges
                0x00000000       0x78 build/main.o
 .debug_aranges
                0x00000078       0x20 build/checksum.o
 .debug_aranges
                0x00000098       0x20 build/util.o
 .debug_aranges
                0x000000b8       0x88 build/hal_i2c.o
 .debug_aranges
                0x00000140       0x78 build/stm32f1xx_it.o
 .debug_aranges
                0x000001b8       0x40 build/stm32f1xx_hal_msp.o
 .debug_aranges
                0x000001f8       0xe0 build/stm32f1xx_hal.o
 .debug_aranges
                0x000002d8       0x90 build/stm32f1xx_hal_rcc.o
 .debug_aranges
                0x00000368       0x58 build/stm32f1xx_hal_gpio.o
 .debug_aranges
                0x000003c0       0x80 build/stm32f1xx_hal_dma.o
 .debug_aranges
                0x00000440       0xc0 build/stm32f1xx_hal_cortex.o
 .debug_aranges
                0x00000500       0x88 build/stm32f1xx_hal_flash.o
 .debug_aranges
                0x00000588       0x98 build/stm32f1xx_hal_flash_ex.o
 .debug_aranges
                0x00000620      0x2a8 build/stm32f1xx_hal_i2c.o
 .debug_aranges
                0x000008c8      0x208 build/stm32f1xx_hal_uart.o
 .debug_aranges
                0x00000ad0       0x28 build/system_stm32f1xx.o
 .debug_aranges
                0x00000af8       0x28 build/startup_stm32f103c8tx.o
 .debug_aranges
                0x00000b20       0x20 C:/msys64/mingw64/bin/../lib/gcc/arm-none-eabi/13.3.0/../../../../arm-none-eabi/lib/thumb/v7-m/nofp\libc_nano.a(libc_a-memset.o)
 .debug_aranges
                0x00000b40       0x20 C:/msys64/mingw64/bin/../lib/gcc/arm-none-eabi/13.3.0/../../../../arm-none-eabi/lib/thumb/v7-m/nofp\libc_nano.a(libc_a-init.o)

.debug_ranges   0x00000000      0xb48
 .debug_ranges  0x00000000      0x110 build/main.o
 .debug_ranges  0x00000110       0x30 build/checksum.o
 .debug_ranges  0x00000140       0x10 build/util.o
 .debug_ranges  0x00000150       0x90 build/hal_i2c.o
 .debug_ranges  0x000001e0       0x68 build/stm32f1xx_it.o
 .debug_ranges  0x00000248       0x30 build/stm32f1xx_hal_msp.o
 .debug_ranges  0x00000278       0xd0 build/stm32f1xx_hal.o
 .debug_ranges  0x00000348       0xa0 build/stm32f1xx_hal_rcc.o
 .debug_ranges  0x000003e8       0x48 build/stm32f1xx_hal_gpio.o
 .debug_ranges  0x00000430       0x70 build/stm32f1xx_hal_dma.o
 .debug_ranges  0x000004a0       0xb0 build/stm32f1xx_hal_cortex.o
 .debug_ranges  0x00000550       0x78 build/stm32f1xx_hal_flash.o
 .debug_ranges  0x000005c8       0x88 build/stm32f1xx_hal_flash_ex.o
 .debug_ranges  0x00000650      0x2b0 build/stm32f1xx_hal_i2c.o
 .debug_ranges  0x00000900      0x210 build/stm32f1xx_hal_uart.o
 .debug_ranges  0x00000b10       0x18 build/system_stm32f1xx.o
 .debug_ranges  0x00000b28       0x20 build/startup_stm32f103c8tx.o

.debug_macro    0x00000000    0x185d2
 .debug_macro   0x00000000      0x3a1 build/main.o
 .debug_macro   0x000003a1      0xac6 build/main.o
 .debug_macro   0x00000e67      0x21b build/main.o
 .debug_macro   0x00001082       0x2e build/main.o
 .debug_macro   0x000010b0       0x22 build/main.o
 .debug_macro   0x000010d2       0x22 build/main.o
 .debug_macro   0x000010f4       0x8e build/main.o
 .debug_macro   0x00001182       0x51 build/main.o
 .debug_macro   0x000011d3      0x103 build/main.o
 .debug_macro   0x000012d6       0x6a build/main.o
 .debug_macro   0x00001340      0x1df build/main.o
 .debug_macro   0x0000151f       0x1c build/main.o
 .debug_macro   0x0000153b       0x22 build/main.o
 .debug_macro   0x0000155d       0xbd build/main.o
 .debug_macro   0x0000161a      0xd23 build/main.o
 .debug_macro   0x0000233d     0xe09e build/main.o
 .debug_macro   0x000103db       0x6d build/main.o
 .debug_macro   0x00010448     0x348d build/main.o
 .debug_macro   0x000138d5      0x190 build/main.o
 .debug_macro   0x00013a65       0x5c build/main.o
 .debug_macro   0x00013ac1      0x5bc build/main.o
 .debug_macro   0x0001407d      0x289 build/main.o
 .debug_macro   0x00014306      0x1cb build/main.o
 .debug_macro   0x000144d1      0x114 build/main.o
 .debug_macro   0x000145e5      0x1b2 build/main.o
 .debug_macro   0x00014797       0x27 build/main.o
 .debug_macro   0x000147be      0x136 build/main.o
 .debug_macro   0x000148f4      0x1bc build/main.o
 .debug_macro   0x00014ab0       0x34 build/main.o
 .debug_macro   0x00014ae4       0x3c build/main.o
 .debug_macro   0x00014b20       0x57 build/main.o
 .debug_macro   0x00014b77       0x87 build/main.o
 .debug_macro   0x00014bfe      0x240 build/main.o
 .debug_macro   0x00014e3e      0x287 build/main.o
 .debug_macro   0x000150c5      0x140 build/main.o
 .debug_macro   0x00015205      0x28e build/main.o
 .debug_macro   0x00015493       0x83 build/main.o
 .debug_macro   0x00015516       0x22 build/main.o
 .debug_macro   0x00015538       0x6a build/main.o
 .debug_macro   0x000155a2       0x10 build/main.o
 .debug_macro   0x000155b2       0x74 build/main.o
 .debug_macro   0x00015626       0x24 build/main.o
 .debug_macro   0x0001564a       0x3c build/main.o
 .debug_macro   0x00015686       0x34 build/main.o
 .debug_macro   0x000156ba      0x370 build/main.o
 .debug_macro   0x00015a2a       0x16 build/main.o
 .debug_macro   0x00015a40       0x4a build/main.o
 .debug_macro   0x00015a8a       0x34 build/main.o
 .debug_macro   0x00015abe       0x10 build/main.o
 .debug_macro   0x00015ace       0x58 build/main.o
 .debug_macro   0x00015b26      0x1de build/main.o
 .debug_macro   0x00015d04       0x10 build/main.o
 .debug_macro   0x00015d14       0x3c build/main.o
 .debug_macro   0x00015d50      0x274 build/checksum.o
 .debug_macro   0x00015fc4       0x16 build/checksum.o
 .debug_macro   0x00015fda       0x10 build/checksum.o
 .debug_macro   0x00015fea       0x16 build/checksum.o
 .debug_macro   0x00016000       0x16 build/checksum.o
 .debug_macro   0x00016016      0x170 build/checksum.o
 .debug_macro   0x00016186      0x14a build/util.o
 .debug_macro   0x000162d0       0x9e build/util.o
 .debug_macro   0x0001636e      0x112 build/util.o
 .debug_macro   0x00016480      0x2a0 build/hal_i2c.o
 .debug_macro   0x00016720       0x28 build/hal_i2c.o
 .debug_macro   0x00016748      0xa37 build/hal_i2c.o
 .debug_macro   0x0001717f      0x1bf build/stm32f1xx_it.o
 .debug_macro   0x0001733e      0x1a2 build/stm32f1xx_hal_msp.o
 .debug_macro   0x000174e0      0x1bc build/stm32f1xx_hal.o
 .debug_macro   0x0001769c      0x1aa build/stm32f1xx_hal_rcc.o
 .debug_macro   0x00017846      0x203 build/stm32f1xx_hal_gpio.o
 .debug_macro   0x00017a49      0x198 build/stm32f1xx_hal_dma.o
 .debug_macro   0x00017be1      0x198 build/stm32f1xx_hal_cortex.o
 .debug_macro   0x00017d79      0x198 build/stm32f1xx_hal_flash.o
 .debug_macro   0x00017f11      0x1aa build/stm32f1xx_hal_flash_ex.o
 .debug_macro   0x000180bb      0x1e6 build/stm32f1xx_hal_i2c.o
 .debug_macro   0x000182a1      0x199 build/stm32f1xx_hal_uart.o
 .debug_macro   0x0001843a      0x198 build/system_stm32f1xx.o

.debug_line     0x00000000    0x10c08
 .debug_line    0x00000000     0x1055 build/main.o
 .debug_line    0x00001055      0x52e build/checksum.o
 .debug_line    0x00001583      0x261 build/util.o
 .debug_line    0x000017e4      0x8a3 build/hal_i2c.o
 .debug_line    0x00002087      0x560 build/stm32f1xx_it.o
 .debug_line    0x000025e7      0x581 build/stm32f1xx_hal_msp.o
 .debug_line    0x00002b68      0x74f build/stm32f1xx_hal.o
 .debug_line    0x000032b7      0xeb1 build/stm32f1xx_hal_rcc.o
 .debug_line    0x00004168      0x840 build/stm32f1xx_hal_gpio.o
 .debug_line    0x000049a8      0xd3e build/stm32f1xx_hal_dma.o
 .debug_line    0x000056e6      0x934 build/stm32f1xx_hal_cortex.o
 .debug_line    0x0000601a      0x94f build/stm32f1xx_hal_flash.o
 .debug_line    0x00006969      0xb5e build/stm32f1xx_hal_flash_ex.o
 .debug_line    0x000074c7     0x57c7 build/stm32f1xx_hal_i2c.o
 .debug_line    0x0000cc8e     0x3716 build/stm32f1xx_hal_uart.o
 .debug_line    0x000103a4      0x4e0 build/system_stm32f1xx.o
 .debug_line    0x00010884       0x73 build/startup_stm32f103c8tx.o
 .debug_line    0x000108f7      0x1cd C:/msys64/mingw64/bin/../lib/gcc/arm-none-eabi/13.3.0/../../../../arm-none-eabi/lib/thumb/v7-m/nofp\libc_nano.a(libc_a-memset.o)
 .debug_line    0x00010ac4      0x144 C:/msys64/mingw64/bin/../lib/gcc/arm-none-eabi/13.3.0/../../../../arm-none-eabi/lib/thumb/v7-m/nofp\libc_nano.a(libc_a-init.o)

.debug_str      0x00000000    0x88677
 .debug_str     0x00000000    0x88677 build/main.o
                              0x822a3 (size before relaxing)
 .debug_str     0x00088677    0x813d4 build/checksum.o
 .debug_str     0x00088677     0x72e0 build/util.o
 .debug_str     0x00088677    0x8534c build/hal_i2c.o
 .debug_str     0x00088677    0x7e9b5 build/stm32f1xx_it.o
 .debug_str     0x00088677    0x7ec6f build/stm32f1xx_hal_msp.o
 .debug_str     0x00088677    0x7e995 build/stm32f1xx_hal.o
 .debug_str     0x00088677    0x7e691 build/stm32f1xx_hal_rcc.o
 .debug_str     0x00088677    0x7e5e8 build/stm32f1xx_hal_gpio.o
 .debug_str     0x00088677    0x7e60b build/stm32f1xx_hal_dma.o
 .debug_str     0x00088677    0x7e8e1 build/stm32f1xx_hal_cortex.o
 .debug_str     0x00088677    0x7e53d build/stm32f1xx_hal_flash.o
 .debug_str     0x00088677    0x7e6eb build/stm32f1xx_hal_flash_ex.o
 .debug_str     0x00088677    0x7f329 build/stm32f1xx_hal_i2c.o
 .debug_str     0x00088677    0x7ed02 build/stm32f1xx_hal_uart.o
 .debug_str     0x00088677    0x7e262 build/system_stm32f1xx.o
 .debug_str     0x00088677       0x6e build/startup_stm32f103c8tx.o
 .debug_str     0x00088677      0x193 C:/msys64/mingw64/bin/../lib/gcc/arm-none-eabi/13.3.0/../../../../arm-none-eabi/lib/thumb/v7-m/nofp\libc_nano.a(libc_a-memset.o)
 .debug_str     0x00088677      0x1e0 C:/msys64/mingw64/bin/../lib/gcc/arm-none-eabi/13.3.0/../../../../arm-none-eabi/lib/thumb/v7-m/nofp\libc_nano.a(libc_a-init.o)

.comment        0x00000000       0x24
 .comment       0x00000000       0x24 build/main.o
                                 0x13 (size before relaxing)
 .comment       0x00000024       0x13 build/checksum.o
 .comment       0x00000024       0x13 build/util.o
 .comment       0x00000024       0x13 build/hal_i2c.o
 .comment       0x00000024       0x13 build/stm32f1xx_it.o
 .comment       0x00000024       0x13 build/stm32f1xx_hal_msp.o
 .comment       0x00000024       0x13 build/stm32f1xx_hal.o
 .comment       0x00000024       0x13 build/stm32f1xx_hal_rcc.o
 .comment       0x00000024       0x13 build/stm32f1xx_hal_gpio.o
 .comment       0x00000024       0x13 build/stm32f1xx_hal_dma.o
 .comment       0x00000024       0x13 build/stm32f1xx_hal_cortex.o
 .comment       0x00000024       0x13 build/stm32f1xx_hal_flash.o
 .comment       0x00000024       0x13 build/stm32f1xx_hal_flash_ex.o
 .comment       0x00000024       0x13 build/stm32f1xx_hal_i2c.o
 .comment       0x00000024       0x13 build/stm32f1xx_hal_uart.o
 .comment       0x00000024       0x13 build/system_stm32f1xx.o
 .comment       0x00000024       0x13 C:/msys64/mingw64/bin/../lib/gcc/arm-none-eabi/13.3.0/../../../../arm-none-eabi/lib/thumb/v7-m/nofp\libc_nano.a(libc_a-memset.o)
 .comment       0x00000024       0x13 C:/msys64/mingw64/bin/../lib/gcc/arm-none-eabi/13.3.0/../../../../arm-none-eabi/lib/thumb/v7-m/nofp\libc_nano.a(libc_a-init.o)

.debug_frame    0x00000000     0x1e4c
 .debug_frame   0x00000000      0x14c build/main.o
 .debug_frame   0x0000014c       0x2c build/checksum.o
 .debug_frame   0x00000178       0x2c build/util.o
 .debug_frame   0x000001a4      0x160 build/hal_i2c.o
 .debug_frame   0x00000304       0xf0 build/stm32f1xx_it.o
 .debug_frame   0x000003f4       0x9c build/stm32f1xx_hal_msp.o
 .debug_frame   0x00000490      0x1cc build/stm32f1xx_hal.o
 .debug_frame   0x0000065c      0x184 build/stm32f1xx_hal_rcc.o
 .debug_frame   0x000007e0       0xe4 build/stm32f1xx_hal_gpio.o
 .debug_frame   0x000008c4      0x144 build/stm32f1xx_hal_dma.o
 .debug_frame   0x00000a08      0x19c build/stm32f1xx_hal_cortex.o
 .debug_frame   0x00000ba4      0x134 build/stm32f1xx_hal_flash.o
 .debug_frame   0x00000cd8      0x194 build/stm32f1xx_hal_flash_ex.o
 .debug_frame   0x00000e6c      0x984 build/stm32f1xx_hal_i2c.o
 .debug_frame   0x000017f0      0x5d4 build/stm32f1xx_hal_uart.o
 .debug_frame   0x00001dc4       0x30 build/system_stm32f1xx.o
 .debug_frame   0x00001df4       0x2c C:/msys64/mingw64/bin/../lib/gcc/arm-none-eabi/13.3.0/../../../../arm-none-eabi/lib/thumb/v7-m/nofp\libc_nano.a(libc_a-memset.o)
 .debug_frame   0x00001e20       0x2c C:/msys64/mingw64/bin/../lib/gcc/arm-none-eabi/13.3.0/../../../../arm-none-eabi/lib/thumb/v7-m/nofp\libc_nano.a(libc_a-init.o)

.debug_loclists
                0x00000000      0x230
 .debug_loclists
                0x00000000      0x1cb C:/msys64/mingw64/bin/../lib/gcc/arm-none-eabi/13.3.0/../../../../arm-none-eabi/lib/thumb/v7-m/nofp\libc_nano.a(libc_a-memset.o)
 .debug_loclists
                0x000001cb       0x65 C:/msys64/mingw64/bin/../lib/gcc/arm-none-eabi/13.3.0/../../../../arm-none-eabi/lib/thumb/v7-m/nofp\libc_nano.a(libc_a-init.o)

Cross Reference Table

Symbol                                            File
ADC1_2_IRQHandler                                 build/startup_stm32f103c8tx.o
AHBPrescTable                                     build/system_stm32f1xx.o
                                                  build/stm32f1xx_hal_rcc.o
APBPrescTable                                     build/system_stm32f1xx.o
                                                  build/stm32f1xx_hal_rcc.o
BusFault_Handler                                  build/stm32f1xx_it.o
CAN1_RX1_IRQHandler                               build/startup_stm32f103c8tx.o
CAN1_SCE_IRQHandler                               build/startup_stm32f103c8tx.o
CalcCrc32                                         build/util.o
                                                  build/main.o
DMA1_Channel1_IRQHandler                          build/startup_stm32f103c8tx.o
DMA1_Channel2_IRQHandler                          build/startup_stm32f103c8tx.o
DMA1_Channel3_IRQHandler                          build/startup_stm32f103c8tx.o
DMA1_Channel4_IRQHandler                          build/startup_stm32f103c8tx.o
DMA1_Channel5_IRQHandler                          build/startup_stm32f103c8tx.o
DMA1_Channel6_IRQHandler                          build/startup_stm32f103c8tx.o
DMA1_Channel7_IRQHandler                          build/startup_stm32f103c8tx.o
DebugMon_Handler                                  build/stm32f1xx_it.o
Default_Handler                                   build/startup_stm32f103c8tx.o
EXTI0_IRQHandler                                  build/startup_stm32f103c8tx.o
EXTI15_10_IRQHandler                              build/startup_stm32f103c8tx.o
EXTI1_IRQHandler                                  build/startup_stm32f103c8tx.o
EXTI2_IRQHandler                                  build/startup_stm32f103c8tx.o
EXTI3_IRQHandler                                  build/startup_stm32f103c8tx.o
EXTI4_IRQHandler                                  build/startup_stm32f103c8tx.o
EXTI9_5_IRQHandler                                build/startup_stm32f103c8tx.o
Error_Handler                                     build/main.o
FLASH_IRQHandler                                  build/startup_stm32f103c8tx.o
FLASH_PageErase                                   build/stm32f1xx_hal_flash_ex.o
                                                  build/stm32f1xx_hal_flash.o
                                                  build/mem_jump_function.o
                                                  build/main.o
FLASH_WaitForLastOperation                        build/stm32f1xx_hal_flash.o
                                                  build/stm32f1xx_hal_flash_ex.o
HAL_DBGMCU_DisableDBGSleepMode                    build/stm32f1xx_hal.o
HAL_DBGMCU_DisableDBGStandbyMode                  build/stm32f1xx_hal.o
HAL_DBGMCU_DisableDBGStopMode                     build/stm32f1xx_hal.o
HAL_DBGMCU_EnableDBGSleepMode                     build/stm32f1xx_hal.o
HAL_DBGMCU_EnableDBGStandbyMode                   build/stm32f1xx_hal.o
HAL_DBGMCU_EnableDBGStopMode                      build/stm32f1xx_hal.o
HAL_DMA_Abort                                     build/stm32f1xx_hal_dma.o
                                                  build/stm32f1xx_hal_uart.o
HAL_DMA_Abort_IT                                  build/stm32f1xx_hal_dma.o
                                                  build/stm32f1xx_hal_uart.o
                                                  build/stm32f1xx_hal_i2c.o
HAL_DMA_DeInit                                    build/stm32f1xx_hal_dma.o
HAL_DMA_GetError                                  build/stm32f1xx_hal_dma.o
                                                  build/stm32f1xx_hal_uart.o
HAL_DMA_GetState                                  build/stm32f1xx_hal_dma.o
                                                  build/stm32f1xx_hal_i2c.o
HAL_DMA_IRQHandler                                build/stm32f1xx_hal_dma.o
HAL_DMA_Init                                      build/stm32f1xx_hal_dma.o
HAL_DMA_PollForTransfer                           build/stm32f1xx_hal_dma.o
HAL_DMA_RegisterCallback                          build/stm32f1xx_hal_dma.o
HAL_DMA_Start                                     build/stm32f1xx_hal_dma.o
HAL_DMA_Start_IT                                  build/stm32f1xx_hal_dma.o
                                                  build/stm32f1xx_hal_uart.o
                                                  build/stm32f1xx_hal_i2c.o
HAL_DMA_UnRegisterCallback                        build/stm32f1xx_hal_dma.o
HAL_DeInit                                        build/stm32f1xx_hal.o
HAL_Delay                                         build/stm32f1xx_hal.o
HAL_EXTI_ClearConfigLine                          build/stm32f1xx_hal_exti.o
HAL_EXTI_ClearPending                             build/stm32f1xx_hal_exti.o
HAL_EXTI_GenerateSWI                              build/stm32f1xx_hal_exti.o
HAL_EXTI_GetConfigLine                            build/stm32f1xx_hal_exti.o
HAL_EXTI_GetHandle                                build/stm32f1xx_hal_exti.o
HAL_EXTI_GetPending                               build/stm32f1xx_hal_exti.o
HAL_EXTI_IRQHandler                               build/stm32f1xx_hal_exti.o
HAL_EXTI_RegisterCallback                         build/stm32f1xx_hal_exti.o
HAL_EXTI_SetConfigLine                            build/stm32f1xx_hal_exti.o
HAL_FLASHEx_Erase                                 build/stm32f1xx_hal_flash_ex.o
HAL_FLASHEx_Erase_IT                              build/stm32f1xx_hal_flash_ex.o
HAL_FLASHEx_OBErase                               build/stm32f1xx_hal_flash_ex.o
HAL_FLASHEx_OBGetConfig                           build/stm32f1xx_hal_flash_ex.o
HAL_FLASHEx_OBGetUserData                         build/stm32f1xx_hal_flash_ex.o
HAL_FLASHEx_OBProgram                             build/stm32f1xx_hal_flash_ex.o
HAL_FLASH_EndOfOperationCallback                  build/stm32f1xx_hal_flash.o
HAL_FLASH_GetError                                build/stm32f1xx_hal_flash.o
HAL_FLASH_IRQHandler                              build/stm32f1xx_hal_flash.o
HAL_FLASH_Lock                                    build/stm32f1xx_hal_flash.o
                                                  build/mem_jump_function.o
                                                  build/main.o
HAL_FLASH_OB_Launch                               build/stm32f1xx_hal_flash.o
HAL_FLASH_OB_Lock                                 build/stm32f1xx_hal_flash.o
HAL_FLASH_OB_Unlock                               build/stm32f1xx_hal_flash.o
HAL_FLASH_OperationErrorCallback                  build/stm32f1xx_hal_flash.o
HAL_FLASH_Program                                 build/stm32f1xx_hal_flash.o
                                                  build/main.o
HAL_FLASH_Program_IT                              build/stm32f1xx_hal_flash.o
HAL_FLASH_Unlock                                  build/stm32f1xx_hal_flash.o
                                                  build/mem_jump_function.o
                                                  build/main.o
HAL_GPIOEx_ConfigEventout                         build/stm32f1xx_hal_gpio_ex.o
HAL_GPIOEx_DisableEventout                        build/stm32f1xx_hal_gpio_ex.o
HAL_GPIOEx_EnableEventout                         build/stm32f1xx_hal_gpio_ex.o
HAL_GPIO_DeInit                                   build/stm32f1xx_hal_gpio.o
                                                  build/stm32f1xx_hal_msp.o
HAL_GPIO_EXTI_Callback                            build/hal_gpio.o
HAL_GPIO_EXTI_IRQHandler                          build/stm32f1xx_hal_gpio.o
                                                  build/hal_gpio.o
HAL_GPIO_Init                                     build/stm32f1xx_hal_gpio.o
                                                  build/stm32f1xx_hal_rcc.o
                                                  build/stm32f1xx_hal_msp.o
                                                  build/hal_gpio.o
                                                  build/main.o
HAL_GPIO_LockPin                                  build/stm32f1xx_hal_gpio.o
HAL_GPIO_ReadPin                                  build/stm32f1xx_hal_gpio.o
                                                  build/hal_gpio.o
HAL_GPIO_TogglePin                                build/stm32f1xx_hal_gpio.o
HAL_GPIO_WritePin                                 build/stm32f1xx_hal_gpio.o
                                                  build/hal_gpio.o
                                                  build/main.o
HAL_GetDEVID                                      build/stm32f1xx_hal.o
HAL_GetHalVersion                                 build/stm32f1xx_hal.o
HAL_GetREVID                                      build/stm32f1xx_hal.o
HAL_GetTick                                       build/stm32f1xx_hal.o
                                                  build/stm32f1xx_hal_uart.o
                                                  build/stm32f1xx_hal_i2c.o
                                                  build/stm32f1xx_hal_flash.o
                                                  build/stm32f1xx_hal_dma.o
                                                  build/stm32f1xx_hal_rcc_ex.o
                                                  build/stm32f1xx_hal_rcc.o
HAL_GetTickFreq                                   build/stm32f1xx_hal.o
HAL_GetTickPrio                                   build/stm32f1xx_hal.o
HAL_GetUIDw0                                      build/stm32f1xx_hal.o
HAL_GetUIDw1                                      build/stm32f1xx_hal.o
HAL_GetUIDw2                                      build/stm32f1xx_hal.o
HAL_HalfDuplex_EnableReceiver                     build/stm32f1xx_hal_uart.o
HAL_HalfDuplex_EnableTransmitter                  build/stm32f1xx_hal_uart.o
HAL_HalfDuplex_Init                               build/stm32f1xx_hal_uart.o
HAL_I2C_AbortCpltCallback                         build/stm32f1xx_hal_i2c.o
HAL_I2C_AddrCallback                              build/main.o
HAL_I2C_DeInit                                    build/stm32f1xx_hal_i2c.o
HAL_I2C_DisableListen_IT                          build/stm32f1xx_hal_i2c.o
HAL_I2C_ER_IRQHandler                             build/stm32f1xx_hal_i2c.o
                                                  build/stm32f1xx_it.o
HAL_I2C_EV_IRQHandler                             build/stm32f1xx_hal_i2c.o
                                                  build/stm32f1xx_it.o
                                                  build/main.o
HAL_I2C_EnableListen_IT                           build/stm32f1xx_hal_i2c.o
                                                  build/main.o
HAL_I2C_ErrorCallback                             build/main.o
HAL_I2C_GetError                                  build/stm32f1xx_hal_i2c.o
HAL_I2C_GetMode                                   build/stm32f1xx_hal_i2c.o
HAL_I2C_GetState                                  build/stm32f1xx_hal_i2c.o
HAL_I2C_Init                                      build/stm32f1xx_hal_i2c.o
                                                  build/hal_i2c.o
HAL_I2C_IsDeviceReady                             build/stm32f1xx_hal_i2c.o
HAL_I2C_ListenCpltCallback                        build/main.o
HAL_I2C_MasterRxCpltCallback                      build/hal_i2c.o
HAL_I2C_MasterTxCpltCallback                      build/hal_i2c.o
HAL_I2C_Master_Abort_IT                           build/stm32f1xx_hal_i2c.o
HAL_I2C_Master_Receive                            build/stm32f1xx_hal_i2c.o
HAL_I2C_Master_Receive_DMA                        build/stm32f1xx_hal_i2c.o
HAL_I2C_Master_Receive_IT                         build/stm32f1xx_hal_i2c.o
                                                  build/hal_i2c.o
HAL_I2C_Master_Seq_Receive_DMA                    build/stm32f1xx_hal_i2c.o
HAL_I2C_Master_Seq_Receive_IT                     build/stm32f1xx_hal_i2c.o
HAL_I2C_Master_Seq_Transmit_DMA                   build/stm32f1xx_hal_i2c.o
HAL_I2C_Master_Seq_Transmit_IT                    build/stm32f1xx_hal_i2c.o
HAL_I2C_Master_Transmit                           build/stm32f1xx_hal_i2c.o
HAL_I2C_Master_Transmit_DMA                       build/stm32f1xx_hal_i2c.o
HAL_I2C_Master_Transmit_IT                        build/stm32f1xx_hal_i2c.o
                                                  build/hal_i2c.o
HAL_I2C_MemRxCpltCallback                         build/hal_i2c.o
HAL_I2C_MemTxCpltCallback                         build/hal_i2c.o
HAL_I2C_Mem_Read                                  build/stm32f1xx_hal_i2c.o
HAL_I2C_Mem_Read_DMA                              build/stm32f1xx_hal_i2c.o
HAL_I2C_Mem_Read_IT                               build/stm32f1xx_hal_i2c.o
                                                  build/hal_i2c.o
HAL_I2C_Mem_Write                                 build/stm32f1xx_hal_i2c.o
HAL_I2C_Mem_Write_DMA                             build/stm32f1xx_hal_i2c.o
HAL_I2C_Mem_Write_IT                              build/stm32f1xx_hal_i2c.o
                                                  build/hal_i2c.o
HAL_I2C_MspDeInit                                 build/stm32f1xx_hal_msp.o
HAL_I2C_MspInit                                   build/stm32f1xx_hal_msp.o
HAL_I2C_SlaveRxCpltCallback                       build/stm32f1xx_hal_i2c.o
HAL_I2C_SlaveTxCpltCallback                       build/stm32f1xx_hal_i2c.o
HAL_I2C_Slave_Receive                             build/stm32f1xx_hal_i2c.o
HAL_I2C_Slave_Receive_DMA                         build/stm32f1xx_hal_i2c.o
HAL_I2C_Slave_Receive_IT                          build/stm32f1xx_hal_i2c.o
HAL_I2C_Slave_Seq_Receive_DMA                     build/stm32f1xx_hal_i2c.o
HAL_I2C_Slave_Seq_Receive_IT                      build/stm32f1xx_hal_i2c.o
                                                  build/main.o
HAL_I2C_Slave_Seq_Transmit_DMA                    build/stm32f1xx_hal_i2c.o
HAL_I2C_Slave_Seq_Transmit_IT                     build/stm32f1xx_hal_i2c.o
                                                  build/main.o
HAL_I2C_Slave_Transmit                            build/stm32f1xx_hal_i2c.o
HAL_I2C_Slave_Transmit_DMA                        build/stm32f1xx_hal_i2c.o
HAL_I2C_Slave_Transmit_IT                         build/stm32f1xx_hal_i2c.o
HAL_IncTick                                       build/stm32f1xx_hal.o
                                                  build/stm32f1xx_it.o
HAL_Init                                          build/stm32f1xx_hal.o
                                                  build/main.o
HAL_InitTick                                      build/stm32f1xx_hal.o
                                                  build/stm32f1xx_hal_rcc.o
HAL_LIN_Init                                      build/stm32f1xx_hal_uart.o
HAL_LIN_SendBreak                                 build/stm32f1xx_hal_uart.o
HAL_MspDeInit                                     build/stm32f1xx_hal.o
HAL_MspInit                                       build/stm32f1xx_hal_msp.o
HAL_MultiProcessor_EnterMuteMode                  build/stm32f1xx_hal_uart.o
HAL_MultiProcessor_ExitMuteMode                   build/stm32f1xx_hal_uart.o
HAL_MultiProcessor_Init                           build/stm32f1xx_hal_uart.o
HAL_NVIC_ClearPendingIRQ                          build/stm32f1xx_hal_cortex.o
HAL_NVIC_DisableIRQ                               build/stm32f1xx_hal_cortex.o
                                                  build/stm32f1xx_hal_msp.o
                                                  build/hal_i2c.o
HAL_NVIC_EnableIRQ                                build/stm32f1xx_hal_cortex.o
                                                  build/stm32f1xx_hal_msp.o
                                                  build/hal_gpio.o
                                                  build/hal_i2c.o
HAL_NVIC_GetActive                                build/stm32f1xx_hal_cortex.o
HAL_NVIC_GetPendingIRQ                            build/stm32f1xx_hal_cortex.o
HAL_NVIC_GetPriority                              build/stm32f1xx_hal_cortex.o
HAL_NVIC_GetPriorityGrouping                      build/stm32f1xx_hal_cortex.o
HAL_NVIC_SetPendingIRQ                            build/stm32f1xx_hal_cortex.o
HAL_NVIC_SetPriority                              build/stm32f1xx_hal_cortex.o
                                                  build/stm32f1xx_hal.o
                                                  build/stm32f1xx_hal_msp.o
                                                  build/hal_gpio.o
                                                  build/hal_i2c.o
HAL_NVIC_SetPriorityGrouping                      build/stm32f1xx_hal_cortex.o
                                                  build/stm32f1xx_hal.o
HAL_NVIC_SystemReset                              build/stm32f1xx_hal_cortex.o
                                                  build/stm32f1xx_hal_flash.o
HAL_PWR_ConfigPVD                                 build/stm32f1xx_hal_pwr.o
HAL_PWR_DeInit                                    build/stm32f1xx_hal_pwr.o
HAL_PWR_DisableBkUpAccess                         build/stm32f1xx_hal_pwr.o
HAL_PWR_DisablePVD                                build/stm32f1xx_hal_pwr.o
HAL_PWR_DisableSEVOnPend                          build/stm32f1xx_hal_pwr.o
HAL_PWR_DisableSleepOnExit                        build/stm32f1xx_hal_pwr.o
HAL_PWR_DisableWakeUpPin                          build/stm32f1xx_hal_pwr.o
HAL_PWR_EnableBkUpAccess                          build/stm32f1xx_hal_pwr.o
HAL_PWR_EnablePVD                                 build/stm32f1xx_hal_pwr.o
HAL_PWR_EnableSEVOnPend                           build/stm32f1xx_hal_pwr.o
HAL_PWR_EnableSleepOnExit                         build/stm32f1xx_hal_pwr.o
HAL_PWR_EnableWakeUpPin                           build/stm32f1xx_hal_pwr.o
HAL_PWR_EnterSLEEPMode                            build/stm32f1xx_hal_pwr.o
HAL_PWR_EnterSTANDBYMode                          build/stm32f1xx_hal_pwr.o
HAL_PWR_EnterSTOPMode                             build/stm32f1xx_hal_pwr.o
HAL_PWR_PVDCallback                               build/stm32f1xx_hal_pwr.o
HAL_PWR_PVD_IRQHandler                            build/stm32f1xx_hal_pwr.o
HAL_RCCEx_GetPeriphCLKConfig                      build/stm32f1xx_hal_rcc_ex.o
HAL_RCCEx_GetPeriphCLKFreq                        build/stm32f1xx_hal_rcc_ex.o
HAL_RCCEx_PeriphCLKConfig                         build/stm32f1xx_hal_rcc_ex.o
HAL_RCC_CSSCallback                               build/stm32f1xx_hal_rcc.o
HAL_RCC_ClockConfig                               build/stm32f1xx_hal_rcc.o
                                                  build/main.o
HAL_RCC_DeInit                                    build/stm32f1xx_hal_rcc.o
HAL_RCC_DisableCSS                                build/stm32f1xx_hal_rcc.o
HAL_RCC_EnableCSS                                 build/stm32f1xx_hal_rcc.o
HAL_RCC_GetClockConfig                            build/stm32f1xx_hal_rcc.o
HAL_RCC_GetHCLKFreq                               build/stm32f1xx_hal_rcc.o
HAL_RCC_GetOscConfig                              build/stm32f1xx_hal_rcc.o
HAL_RCC_GetPCLK1Freq                              build/stm32f1xx_hal_rcc.o
                                                  build/stm32f1xx_hal_uart.o
                                                  build/stm32f1xx_hal_i2c.o
HAL_RCC_GetPCLK2Freq                              build/stm32f1xx_hal_rcc.o
                                                  build/stm32f1xx_hal_uart.o
                                                  build/stm32f1xx_hal_rcc_ex.o
HAL_RCC_GetSysClockFreq                           build/stm32f1xx_hal_rcc.o
HAL_RCC_MCOConfig                                 build/stm32f1xx_hal_rcc.o
HAL_RCC_NMI_IRQHandler                            build/stm32f1xx_hal_rcc.o
HAL_RCC_OscConfig                                 build/stm32f1xx_hal_rcc.o
                                                  build/main.o
HAL_ResumeTick                                    build/stm32f1xx_hal.o
HAL_SYSTICK_CLKSourceConfig                       build/stm32f1xx_hal_cortex.o
HAL_SYSTICK_Callback                              build/stm32f1xx_hal_cortex.o
HAL_SYSTICK_Config                                build/stm32f1xx_hal_cortex.o
                                                  build/stm32f1xx_hal.o
HAL_SYSTICK_IRQHandler                            build/stm32f1xx_hal_cortex.o
HAL_SetTickFreq                                   build/stm32f1xx_hal.o
HAL_SuspendTick                                   build/stm32f1xx_hal.o
HAL_UARTEx_GetRxEventType                         build/stm32f1xx_hal_uart.o
HAL_UARTEx_ReceiveToIdle                          build/stm32f1xx_hal_uart.o
HAL_UARTEx_ReceiveToIdle_DMA                      build/stm32f1xx_hal_uart.o
HAL_UARTEx_ReceiveToIdle_IT                       build/stm32f1xx_hal_uart.o
HAL_UARTEx_RxEventCallback                        build/stm32f1xx_hal_uart.o
HAL_UART_Abort                                    build/stm32f1xx_hal_uart.o
HAL_UART_AbortCpltCallback                        build/stm32f1xx_hal_uart.o
HAL_UART_AbortReceive                             build/stm32f1xx_hal_uart.o
HAL_UART_AbortReceiveCpltCallback                 build/stm32f1xx_hal_uart.o
HAL_UART_AbortReceive_IT                          build/stm32f1xx_hal_uart.o
HAL_UART_AbortTransmit                            build/stm32f1xx_hal_uart.o
HAL_UART_AbortTransmitCpltCallback                build/stm32f1xx_hal_uart.o
HAL_UART_AbortTransmit_IT                         build/stm32f1xx_hal_uart.o
HAL_UART_Abort_IT                                 build/stm32f1xx_hal_uart.o
HAL_UART_DMAPause                                 build/stm32f1xx_hal_uart.o
HAL_UART_DMAResume                                build/stm32f1xx_hal_uart.o
HAL_UART_DMAStop                                  build/stm32f1xx_hal_uart.o
HAL_UART_DeInit                                   build/stm32f1xx_hal_uart.o
HAL_UART_ErrorCallback                            build/stm32f1xx_hal_uart.o
HAL_UART_GetError                                 build/stm32f1xx_hal_uart.o
HAL_UART_GetState                                 build/stm32f1xx_hal_uart.o
HAL_UART_IRQHandler                               build/stm32f1xx_hal_uart.o
                                                  build/stm32f1xx_it.o
HAL_UART_Init                                     build/stm32f1xx_hal_uart.o
HAL_UART_MspDeInit                                build/stm32f1xx_hal_msp.o
HAL_UART_MspInit                                  build/stm32f1xx_hal_msp.o
HAL_UART_Receive                                  build/stm32f1xx_hal_uart.o
HAL_UART_Receive_DMA                              build/stm32f1xx_hal_uart.o
HAL_UART_Receive_IT                               build/stm32f1xx_hal_uart.o
HAL_UART_RxCpltCallback                           build/stm32f1xx_hal_uart.o
HAL_UART_RxHalfCpltCallback                       build/stm32f1xx_hal_uart.o
HAL_UART_Transmit                                 build/stm32f1xx_hal_uart.o
HAL_UART_Transmit_DMA                             build/stm32f1xx_hal_uart.o
HAL_UART_Transmit_IT                              build/stm32f1xx_hal_uart.o
HAL_UART_TxCpltCallback                           build/stm32f1xx_hal_uart.o
HAL_UART_TxHalfCpltCallback                       build/stm32f1xx_hal_uart.o
HardFault_Handler                                 build/stm32f1xx_it.o
I2C1_ER_IRQHandler                                build/stm32f1xx_it.o
I2C1_EV_IRQHandler                                build/stm32f1xx_it.o
I2C2_ER_IRQHandler                                build/startup_stm32f103c8tx.o
I2C2_EV_IRQHandler                                build/startup_stm32f103c8tx.o
MemManage_Handler                                 build/stm32f1xx_it.o
NMI_Handler                                       build/stm32f1xx_it.o
PVD_IRQHandler                                    build/startup_stm32f103c8tx.o
PendSV_Handler                                    build/stm32f1xx_it.o
RCC_IRQHandler                                    build/startup_stm32f103c8tx.o
RTC_Alarm_IRQHandler                              build/startup_stm32f103c8tx.o
RTC_IRQHandler                                    build/startup_stm32f103c8tx.o
Reset_Handler                                     build/startup_stm32f103c8tx.o
SPI1_IRQHandler                                   build/startup_stm32f103c8tx.o
SPI2_IRQHandler                                   build/startup_stm32f103c8tx.o
SVC_Handler                                       build/stm32f1xx_it.o
SysTick_Handler                                   build/stm32f1xx_it.o
SystemClock_Config                                build/main.o
SystemCoreClock                                   build/system_stm32f1xx.o
                                                  build/stm32f1xx_hal_i2c.o
                                                  build/stm32f1xx_hal_rcc.o
                                                  build/stm32f1xx_hal.o
SystemCoreClockUpdate                             build/system_stm32f1xx.o
SystemInit                                        build/system_stm32f1xx.o
                                                  build/startup_stm32f103c8tx.o
TAMPER_IRQHandler                                 build/startup_stm32f103c8tx.o
TIM1_BRK_IRQHandler                               build/startup_stm32f103c8tx.o
TIM1_CC_IRQHandler                                build/startup_stm32f103c8tx.o
TIM1_TRG_COM_IRQHandler                           build/startup_stm32f103c8tx.o
TIM1_UP_IRQHandler                                build/startup_stm32f103c8tx.o
TIM2_IRQHandler                                   build/startup_stm32f103c8tx.o
TIM3_IRQHandler                                   build/startup_stm32f103c8tx.o
TIM4_IRQHandler                                   build/startup_stm32f103c8tx.o
UART_Start_Receive_DMA                            build/stm32f1xx_hal_uart.o
UART_Start_Receive_IT                             build/stm32f1xx_hal_uart.o
USART1_IRQHandler                                 build/stm32f1xx_it.o
USART2_IRQHandler                                 build/startup_stm32f103c8tx.o
USART3_IRQHandler                                 build/startup_stm32f103c8tx.o
USBWakeUp_IRQHandler                              build/startup_stm32f103c8tx.o
USB_HP_CAN1_TX_IRQHandler                         build/startup_stm32f103c8tx.o
USB_LP_CAN1_RX0_IRQHandler                        build/startup_stm32f103c8tx.o
UsageFault_Handler                                build/stm32f1xx_it.o
WWDG_IRQHandler                                   build/startup_stm32f103c8tx.o
_Min_Stack_Size                                   build/sysmem.o
__atexit                                          C:/msys64/mingw64/bin/../lib/gcc/arm-none-eabi/13.3.0/../../../../arm-none-eabi/lib/thumb/v7-m/nofp\libc_nano.a(libc_a-__call_atexit.o)
                                                  C:/msys64/mingw64/bin/../lib/gcc/arm-none-eabi/13.3.0/../../../../arm-none-eabi/lib/thumb/v7-m/nofp\libc_nano.a(libc_a-__atexit.o)
__atexit0                                         C:/msys64/mingw64/bin/../lib/gcc/arm-none-eabi/13.3.0/../../../../arm-none-eabi/lib/thumb/v7-m/nofp\libc_nano.a(libc_a-__atexit.o)
__atexit_dummy                                    C:/msys64/mingw64/bin/../lib/gcc/arm-none-eabi/13.3.0/../../../../arm-none-eabi/lib/thumb/v7-m/nofp\libc_nano.a(libc_a-__atexit.o)
__atexit_recursive_mutex                          C:/msys64/mingw64/bin/../lib/gcc/arm-none-eabi/13.3.0/../../../../arm-none-eabi/lib/thumb/v7-m/nofp\libc_nano.a(libc_a-__call_atexit.o)
                                                  C:/msys64/mingw64/bin/../lib/gcc/arm-none-eabi/13.3.0/../../../../arm-none-eabi/lib/thumb/v7-m/nofp\libc_nano.a(libc_a-__atexit.o)
__bss_end__                                       C:/msys64/mingw64/bin/../lib/gcc/arm-none-eabi/13.3.0/../../../../arm-none-eabi/lib/thumb/v7-m/nofp/crt0.o
__bss_start__                                     C:/msys64/mingw64/bin/../lib/gcc/arm-none-eabi/13.3.0/../../../../arm-none-eabi/lib/thumb/v7-m/nofp/crt0.o
__call_exitprocs                                  C:/msys64/mingw64/bin/../lib/gcc/arm-none-eabi/13.3.0/../../../../arm-none-eabi/lib/thumb/v7-m/nofp\libc_nano.a(libc_a-__call_atexit.o)
                                                  C:/msys64/mingw64/bin/../lib/gcc/arm-none-eabi/13.3.0/../../../../arm-none-eabi/lib/thumb/v7-m/nofp\libc_nano.a(libc_a-__atexit.o)
                                                  C:/msys64/mingw64/bin/../lib/gcc/arm-none-eabi/13.3.0/../../../../arm-none-eabi/lib/thumb/v7-m/nofp\libc_nano.a(libc_a-exit.o)
__deregister_frame_info                           C:/msys64/mingw64/bin/../lib/gcc/arm-none-eabi/13.3.0/thumb/v7-m/nofp/crtbegin.o
__dso_handle                                      C:/msys64/mingw64/bin/../lib/gcc/arm-none-eabi/13.3.0/thumb/v7-m/nofp/crtbegin.o
__env                                             build/syscalls.o
__errno                                           C:/msys64/mingw64/bin/../lib/gcc/arm-none-eabi/13.3.0/../../../../arm-none-eabi/lib/thumb/v7-m/nofp\libc_nano.a(libc_a-errno.o)
                                                  build/syscalls.o
                                                  build/sysmem.o
__fini_array_end                                  C:/msys64/mingw64/bin/../lib/gcc/arm-none-eabi/13.3.0/../../../../arm-none-eabi/lib/thumb/v7-m/nofp\libc_nano.a(libc_a-fini.o)
__fini_array_start                                C:/msys64/mingw64/bin/../lib/gcc/arm-none-eabi/13.3.0/../../../../arm-none-eabi/lib/thumb/v7-m/nofp\libc_nano.a(libc_a-fini.o)
__fp_lock_all                                     C:/msys64/mingw64/bin/../lib/gcc/arm-none-eabi/13.3.0/../../../../arm-none-eabi/lib/thumb/v7-m/nofp\libc_nano.a(libc_a-findfp.o)
__fp_unlock_all                                   C:/msys64/mingw64/bin/../lib/gcc/arm-none-eabi/13.3.0/../../../../arm-none-eabi/lib/thumb/v7-m/nofp\libc_nano.a(libc_a-findfp.o)
__init_array_end                                  C:/msys64/mingw64/bin/../lib/gcc/arm-none-eabi/13.3.0/../../../../arm-none-eabi/lib/thumb/v7-m/nofp\libc_nano.a(libc_a-init.o)
__init_array_start                                C:/msys64/mingw64/bin/../lib/gcc/arm-none-eabi/13.3.0/../../../../arm-none-eabi/lib/thumb/v7-m/nofp\libc_nano.a(libc_a-init.o)
__io_getchar                                      build/syscalls.o
__io_putchar                                      build/syscalls.o
__libc_fini_array                                 C:/msys64/mingw64/bin/../lib/gcc/arm-none-eabi/13.3.0/../../../../arm-none-eabi/lib/thumb/v7-m/nofp\libc_nano.a(libc_a-fini.o)
                                                  C:/msys64/mingw64/bin/../lib/gcc/arm-none-eabi/13.3.0/../../../../arm-none-eabi/lib/thumb/v7-m/nofp/crt0.o
__libc_init_array                                 C:/msys64/mingw64/bin/../lib/gcc/arm-none-eabi/13.3.0/../../../../arm-none-eabi/lib/thumb/v7-m/nofp\libc_nano.a(libc_a-init.o)
                                                  build/startup_stm32f103c8tx.o
                                                  C:/msys64/mingw64/bin/../lib/gcc/arm-none-eabi/13.3.0/../../../../arm-none-eabi/lib/thumb/v7-m/nofp/crt0.o
__lock___arc4random_mutex                         C:/msys64/mingw64/bin/../lib/gcc/arm-none-eabi/13.3.0/../../../../arm-none-eabi/lib/thumb/v7-m/nofp\libc_nano.a(libc_a-lock.o)
__lock___at_quick_exit_mutex                      C:/msys64/mingw64/bin/../lib/gcc/arm-none-eabi/13.3.0/../../../../arm-none-eabi/lib/thumb/v7-m/nofp\libc_nano.a(libc_a-lock.o)
__lock___atexit_recursive_mutex                   C:/msys64/mingw64/bin/../lib/gcc/arm-none-eabi/13.3.0/../../../../arm-none-eabi/lib/thumb/v7-m/nofp\libc_nano.a(libc_a-lock.o)
                                                  C:/msys64/mingw64/bin/../lib/gcc/arm-none-eabi/13.3.0/../../../../arm-none-eabi/lib/thumb/v7-m/nofp\libc_nano.a(libc_a-__call_atexit.o)
__lock___dd_hash_mutex                            C:/msys64/mingw64/bin/../lib/gcc/arm-none-eabi/13.3.0/../../../../arm-none-eabi/lib/thumb/v7-m/nofp\libc_nano.a(libc_a-lock.o)
__lock___env_recursive_mutex                      C:/msys64/mingw64/bin/../lib/gcc/arm-none-eabi/13.3.0/../../../../arm-none-eabi/lib/thumb/v7-m/nofp\libc_nano.a(libc_a-lock.o)
__lock___malloc_recursive_mutex                   C:/msys64/mingw64/bin/../lib/gcc/arm-none-eabi/13.3.0/../../../../arm-none-eabi/lib/thumb/v7-m/nofp\libc_nano.a(libc_a-lock.o)
                                                  C:/msys64/mingw64/bin/../lib/gcc/arm-none-eabi/13.3.0/../../../../arm-none-eabi/lib/thumb/v7-m/nofp\libc_nano.a(libc_a-mlock.o)
__lock___sfp_recursive_mutex                      C:/msys64/mingw64/bin/../lib/gcc/arm-none-eabi/13.3.0/../../../../arm-none-eabi/lib/thumb/v7-m/nofp\libc_nano.a(libc_a-lock.o)
                                                  C:/msys64/mingw64/bin/../lib/gcc/arm-none-eabi/13.3.0/../../../../arm-none-eabi/lib/thumb/v7-m/nofp\libc_nano.a(libc_a-findfp.o)
__lock___tz_mutex                                 C:/msys64/mingw64/bin/../lib/gcc/arm-none-eabi/13.3.0/../../../../arm-none-eabi/lib/thumb/v7-m/nofp\libc_nano.a(libc_a-lock.o)
__malloc_free_list                                C:/msys64/mingw64/bin/../lib/gcc/arm-none-eabi/13.3.0/../../../../arm-none-eabi/lib/thumb/v7-m/nofp\libc_nano.a(libc_a-mallocr.o)
                                                  C:/msys64/mingw64/bin/../lib/gcc/arm-none-eabi/13.3.0/../../../../arm-none-eabi/lib/thumb/v7-m/nofp\libc_nano.a(libc_a-freer.o)
__malloc_lock                                     C:/msys64/mingw64/bin/../lib/gcc/arm-none-eabi/13.3.0/../../../../arm-none-eabi/lib/thumb/v7-m/nofp\libc_nano.a(libc_a-mlock.o)
                                                  C:/msys64/mingw64/bin/../lib/gcc/arm-none-eabi/13.3.0/../../../../arm-none-eabi/lib/thumb/v7-m/nofp\libc_nano.a(libc_a-mallocr.o)
                                                  C:/msys64/mingw64/bin/../lib/gcc/arm-none-eabi/13.3.0/../../../../arm-none-eabi/lib/thumb/v7-m/nofp\libc_nano.a(libc_a-freer.o)
__malloc_sbrk_start                               C:/msys64/mingw64/bin/../lib/gcc/arm-none-eabi/13.3.0/../../../../arm-none-eabi/lib/thumb/v7-m/nofp\libc_nano.a(libc_a-mallocr.o)
__malloc_unlock                                   C:/msys64/mingw64/bin/../lib/gcc/arm-none-eabi/13.3.0/../../../../arm-none-eabi/lib/thumb/v7-m/nofp\libc_nano.a(libc_a-mlock.o)
                                                  C:/msys64/mingw64/bin/../lib/gcc/arm-none-eabi/13.3.0/../../../../arm-none-eabi/lib/thumb/v7-m/nofp\libc_nano.a(libc_a-mallocr.o)
                                                  C:/msys64/mingw64/bin/../lib/gcc/arm-none-eabi/13.3.0/../../../../arm-none-eabi/lib/thumb/v7-m/nofp\libc_nano.a(libc_a-freer.o)
__on_exit_args                                    C:/msys64/mingw64/bin/../lib/gcc/arm-none-eabi/13.3.0/../../../../arm-none-eabi/lib/thumb/v7-m/nofp\libc_nano.a(libc_a-__atexit.o)
__preinit_array_end                               C:/msys64/mingw64/bin/../lib/gcc/arm-none-eabi/13.3.0/../../../../arm-none-eabi/lib/thumb/v7-m/nofp\libc_nano.a(libc_a-init.o)
__preinit_array_start                             C:/msys64/mingw64/bin/../lib/gcc/arm-none-eabi/13.3.0/../../../../arm-none-eabi/lib/thumb/v7-m/nofp\libc_nano.a(libc_a-init.o)
__register_exitproc                               C:/msys64/mingw64/bin/../lib/gcc/arm-none-eabi/13.3.0/../../../../arm-none-eabi/lib/thumb/v7-m/nofp\libc_nano.a(libc_a-__atexit.o)
                                                  C:/msys64/mingw64/bin/../lib/gcc/arm-none-eabi/13.3.0/../../../../arm-none-eabi/lib/thumb/v7-m/nofp\libc_nano.a(libc_a-atexit.o)
__register_frame_info                             C:/msys64/mingw64/bin/../lib/gcc/arm-none-eabi/13.3.0/thumb/v7-m/nofp/crtbegin.o
__retarget_lock_acquire                           C:/msys64/mingw64/bin/../lib/gcc/arm-none-eabi/13.3.0/../../../../arm-none-eabi/lib/thumb/v7-m/nofp\libc_nano.a(libc_a-lock.o)
__retarget_lock_acquire_recursive                 C:/msys64/mingw64/bin/../lib/gcc/arm-none-eabi/13.3.0/../../../../arm-none-eabi/lib/thumb/v7-m/nofp\libc_nano.a(libc_a-lock.o)
                                                  C:/msys64/mingw64/bin/../lib/gcc/arm-none-eabi/13.3.0/../../../../arm-none-eabi/lib/thumb/v7-m/nofp\libc_nano.a(libc_a-fflush.o)
                                                  C:/msys64/mingw64/bin/../lib/gcc/arm-none-eabi/13.3.0/../../../../arm-none-eabi/lib/thumb/v7-m/nofp\libc_nano.a(libc_a-mlock.o)
                                                  C:/msys64/mingw64/bin/../lib/gcc/arm-none-eabi/13.3.0/../../../../arm-none-eabi/lib/thumb/v7-m/nofp\libc_nano.a(libc_a-__call_atexit.o)
                                                  C:/msys64/mingw64/bin/../lib/gcc/arm-none-eabi/13.3.0/../../../../arm-none-eabi/lib/thumb/v7-m/nofp\libc_nano.a(libc_a-__atexit.o)
                                                  C:/msys64/mingw64/bin/../lib/gcc/arm-none-eabi/13.3.0/../../../../arm-none-eabi/lib/thumb/v7-m/nofp\libc_nano.a(libc_a-findfp.o)
__retarget_lock_close                             C:/msys64/mingw64/bin/../lib/gcc/arm-none-eabi/13.3.0/../../../../arm-none-eabi/lib/thumb/v7-m/nofp\libc_nano.a(libc_a-lock.o)
__retarget_lock_close_recursive                   C:/msys64/mingw64/bin/../lib/gcc/arm-none-eabi/13.3.0/../../../../arm-none-eabi/lib/thumb/v7-m/nofp\libc_nano.a(libc_a-lock.o)
__retarget_lock_init                              C:/msys64/mingw64/bin/../lib/gcc/arm-none-eabi/13.3.0/../../../../arm-none-eabi/lib/thumb/v7-m/nofp\libc_nano.a(libc_a-lock.o)
__retarget_lock_init_recursive                    C:/msys64/mingw64/bin/../lib/gcc/arm-none-eabi/13.3.0/../../../../arm-none-eabi/lib/thumb/v7-m/nofp\libc_nano.a(libc_a-lock.o)
                                                  C:/msys64/mingw64/bin/../lib/gcc/arm-none-eabi/13.3.0/../../../../arm-none-eabi/lib/thumb/v7-m/nofp\libc_nano.a(libc_a-findfp.o)
__retarget_lock_release                           C:/msys64/mingw64/bin/../lib/gcc/arm-none-eabi/13.3.0/../../../../arm-none-eabi/lib/thumb/v7-m/nofp\libc_nano.a(libc_a-lock.o)
__retarget_lock_release_recursive                 C:/msys64/mingw64/bin/../lib/gcc/arm-none-eabi/13.3.0/../../../../arm-none-eabi/lib/thumb/v7-m/nofp\libc_nano.a(libc_a-lock.o)
                                                  C:/msys64/mingw64/bin/../lib/gcc/arm-none-eabi/13.3.0/../../../../arm-none-eabi/lib/thumb/v7-m/nofp\libc_nano.a(libc_a-fflush.o)
                                                  C:/msys64/mingw64/bin/../lib/gcc/arm-none-eabi/13.3.0/../../../../arm-none-eabi/lib/thumb/v7-m/nofp\libc_nano.a(libc_a-mlock.o)
                                                  C:/msys64/mingw64/bin/../lib/gcc/arm-none-eabi/13.3.0/../../../../arm-none-eabi/lib/thumb/v7-m/nofp\libc_nano.a(libc_a-__call_atexit.o)
                                                  C:/msys64/mingw64/bin/../lib/gcc/arm-none-eabi/13.3.0/../../../../arm-none-eabi/lib/thumb/v7-m/nofp\libc_nano.a(libc_a-__atexit.o)
                                                  C:/msys64/mingw64/bin/../lib/gcc/arm-none-eabi/13.3.0/../../../../arm-none-eabi/lib/thumb/v7-m/nofp\libc_nano.a(libc_a-findfp.o)
__retarget_lock_try_acquire                       C:/msys64/mingw64/bin/../lib/gcc/arm-none-eabi/13.3.0/../../../../arm-none-eabi/lib/thumb/v7-m/nofp\libc_nano.a(libc_a-lock.o)
__retarget_lock_try_acquire_recursive             C:/msys64/mingw64/bin/../lib/gcc/arm-none-eabi/13.3.0/../../../../arm-none-eabi/lib/thumb/v7-m/nofp\libc_nano.a(libc_a-lock.o)
__sclose                                          C:/msys64/mingw64/bin/../lib/gcc/arm-none-eabi/13.3.0/../../../../arm-none-eabi/lib/thumb/v7-m/nofp\libc_nano.a(libc_a-stdio.o)
                                                  C:/msys64/mingw64/bin/../lib/gcc/arm-none-eabi/13.3.0/../../../../arm-none-eabi/lib/thumb/v7-m/nofp\libc_nano.a(libc_a-findfp.o)
__seofread                                        C:/msys64/mingw64/bin/../lib/gcc/arm-none-eabi/13.3.0/../../../../arm-none-eabi/lib/thumb/v7-m/nofp\libc_nano.a(libc_a-stdio.o)
__sf                                              C:/msys64/mingw64/bin/../lib/gcc/arm-none-eabi/13.3.0/../../../../arm-none-eabi/lib/thumb/v7-m/nofp\libc_nano.a(libc_a-findfp.o)
                                                  C:/msys64/mingw64/bin/../lib/gcc/arm-none-eabi/13.3.0/../../../../arm-none-eabi/lib/thumb/v7-m/nofp\libc_nano.a(libc_a-impure.o)
__sflush_r                                        C:/msys64/mingw64/bin/../lib/gcc/arm-none-eabi/13.3.0/../../../../arm-none-eabi/lib/thumb/v7-m/nofp\libc_nano.a(libc_a-fflush.o)
__sfp                                             C:/msys64/mingw64/bin/../lib/gcc/arm-none-eabi/13.3.0/../../../../arm-none-eabi/lib/thumb/v7-m/nofp\libc_nano.a(libc_a-findfp.o)
__sfp_lock_acquire                                C:/msys64/mingw64/bin/../lib/gcc/arm-none-eabi/13.3.0/../../../../arm-none-eabi/lib/thumb/v7-m/nofp\libc_nano.a(libc_a-findfp.o)
__sfp_lock_release                                C:/msys64/mingw64/bin/../lib/gcc/arm-none-eabi/13.3.0/../../../../arm-none-eabi/lib/thumb/v7-m/nofp\libc_nano.a(libc_a-findfp.o)
__sglue                                           C:/msys64/mingw64/bin/../lib/gcc/arm-none-eabi/13.3.0/../../../../arm-none-eabi/lib/thumb/v7-m/nofp\libc_nano.a(libc_a-findfp.o)
                                                  C:/msys64/mingw64/bin/../lib/gcc/arm-none-eabi/13.3.0/../../../../arm-none-eabi/lib/thumb/v7-m/nofp\libc_nano.a(libc_a-fflush.o)
__sinit                                           C:/msys64/mingw64/bin/../lib/gcc/arm-none-eabi/13.3.0/../../../../arm-none-eabi/lib/thumb/v7-m/nofp\libc_nano.a(libc_a-findfp.o)
                                                  C:/msys64/mingw64/bin/../lib/gcc/arm-none-eabi/13.3.0/../../../../arm-none-eabi/lib/thumb/v7-m/nofp\libc_nano.a(libc_a-fflush.o)
__sread                                           C:/msys64/mingw64/bin/../lib/gcc/arm-none-eabi/13.3.0/../../../../arm-none-eabi/lib/thumb/v7-m/nofp\libc_nano.a(libc_a-stdio.o)
                                                  C:/msys64/mingw64/bin/../lib/gcc/arm-none-eabi/13.3.0/../../../../arm-none-eabi/lib/thumb/v7-m/nofp\libc_nano.a(libc_a-findfp.o)
__sseek                                           C:/msys64/mingw64/bin/../lib/gcc/arm-none-eabi/13.3.0/../../../../arm-none-eabi/lib/thumb/v7-m/nofp\libc_nano.a(libc_a-stdio.o)
                                                  C:/msys64/mingw64/bin/../lib/gcc/arm-none-eabi/13.3.0/../../../../arm-none-eabi/lib/thumb/v7-m/nofp\libc_nano.a(libc_a-findfp.o)
__stack                                           C:/msys64/mingw64/bin/../lib/gcc/arm-none-eabi/13.3.0/../../../../arm-none-eabi/lib/thumb/v7-m/nofp/crt0.o
__stdio_exit_handler                              C:/msys64/mingw64/bin/../lib/gcc/arm-none-eabi/13.3.0/../../../../arm-none-eabi/lib/thumb/v7-m/nofp\libc_nano.a(libc_a-findfp.o)
                                                  C:/msys64/mingw64/bin/../lib/gcc/arm-none-eabi/13.3.0/../../../../arm-none-eabi/lib/thumb/v7-m/nofp\libc_nano.a(libc_a-exit.o)
__swrite                                          C:/msys64/mingw64/bin/../lib/gcc/arm-none-eabi/13.3.0/../../../../arm-none-eabi/lib/thumb/v7-m/nofp\libc_nano.a(libc_a-stdio.o)
                                                  C:/msys64/mingw64/bin/../lib/gcc/arm-none-eabi/13.3.0/../../../../arm-none-eabi/lib/thumb/v7-m/nofp\libc_nano.a(libc_a-findfp.o)
_close                                            build/syscalls.o
                                                  C:/msys64/mingw64/bin/../lib/gcc/arm-none-eabi/13.3.0/../../../../arm-none-eabi/lib/thumb/v7-m/nofp\libc_nano.a(libc_a-closer.o)
_close_r                                          C:/msys64/mingw64/bin/../lib/gcc/arm-none-eabi/13.3.0/../../../../arm-none-eabi/lib/thumb/v7-m/nofp\libc_nano.a(libc_a-closer.o)
                                                  C:/msys64/mingw64/bin/../lib/gcc/arm-none-eabi/13.3.0/../../../../arm-none-eabi/lib/thumb/v7-m/nofp\libc_nano.a(libc_a-stdio.o)
_ebss                                             build/startup_stm32f103c8tx.o
_edata                                            build/startup_stm32f103c8tx.o
_end                                              build/sysmem.o
_estack                                           build/startup_stm32f103c8tx.o
                                                  build/sysmem.o
_execve                                           build/syscalls.o
_exit                                             build/syscalls.o
                                                  C:/msys64/mingw64/bin/../lib/gcc/arm-none-eabi/13.3.0/../../../../arm-none-eabi/lib/thumb/v7-m/nofp\libc_nano.a(libc_a-exit.o)