../Core/Src/main.c:90:6:go_to_main_app	24	static,ignoring_inline_asm
../Core/Src/main.c:115:6:go_to_update_app	24	static,ignoring_inline_asm
../Core/Src/main.c:142:6:update_main_app	32	static,ignoring_inline_asm
../Core/Src/main.c:193:5:main	8	static
../Core/Src/main.c:255:6:SystemClock_Config	72	static
../Core/Src/main.c:295:13:MX_I2C1_Init	8	static
../Core/Src/main.c:329:13:MX_TIM2_Init	32	static
../Core/Src/main.c:374:13:MX_GPIO_Init	40	static
../Core/Src/main.c:440:6:Error_Handler	4	static,ignoring_inline_asm
